#
# There is insufficient memory for the Java Runtime Environment to continue.
# Native memory allocation (malloc) failed to allocate 2247008 bytes. Error detail: Chunk::new
# Possible reasons:
#   The system is out of physical RAM or swap space
#   This process is running with CompressedOops enabled, and the Java Heap may be blocking the growth of the native heap
# Possible solutions:
#   Reduce memory load on the system
#   Increase physical memory or swap space
#   Check if swap backing store is full
#   Decrease Java heap size (-Xmx/-Xms)
#   Decrease number of Java threads
#   Decrease Java thread stack sizes (-Xss)
#   Set larger code cache with -XX:ReservedCodeCacheSize=
#   JVM is running with Unscaled Compressed Oops mode in which the Java heap is
#     placed in the first 4GB address space. The Java Heap base address is the
#     maximum limit for the native heap growth. Please use -XX:HeapBaseMinAddress
#     to set the Java Heap base and to place the Java Heap above 4GB virtual address.
# This output file may be truncated or incomplete.
#
#  Out of Memory Error (arena.cpp:168), pid=17516, tid=38604
#
# JRE version: OpenJDK Runtime Environment Temurin-21.0.11+10 (21.0.11+10) (build 21.0.11+10-LTS)
# Java VM: OpenJDK 64-Bit Server VM Temurin-21.0.11+10 (21.0.11+10-LTS, mixed mode, sharing, tiered, compressed oops, compressed class ptrs, parallel gc, windows-amd64)
# No core dump will be written. Minidumps are not enabled by default on client versions of Windows
#

---------------  S U M M A R Y ------------

Command Line: --add-modules=ALL-SYSTEM --add-opens=java.base/java.util=ALL-UNNAMED --add-opens=java.base/java.lang=ALL-UNNAMED --add-opens=java.base/sun.nio.fs=ALL-UNNAMED -Declipse.application=org.eclipse.jdt.ls.core.id1 -Dosgi.bundles.defaultStartLevel=4 -Declipse.product=org.eclipse.jdt.ls.core.product -Djava.import.generatesMetadataFilesAtProjectRoot=false -DDetectVMInstallationsJob.disabled=true -Dfile.encoding=utf8 -XX:+UseParallelGC -XX:GCTimeRatio=4 -XX:AdaptiveSizePolicyWeight=90 -Dsun.zip.disableMemoryMapping=true -Xmx2G -Xms100m -Xlog:disable -javaagent:c:\Users\dhana\.vscode\extensions\redhat.java-1.55.0-win32-x64\lombok\lombok-1.18.39-4050.jar -XX:+HeapDumpOnOutOfMemoryError -XX:HeapDumpPath=c:\Users\dhana\AppData\Roaming\Code\User\workspaceStorage\a55c360faebba8a3ba963f47fe04c56b\redhat.java -Daether.dependencyCollector.impl=bf c:\Users\dhana\.vscode\extensions\redhat.java-1.55.0-win32-x64\server\plugins\org.eclipse.equinox.launcher_1.7.200.v20260619-2039.jar -configuration c:\Users\dhana\AppData\Roaming\Code\User\globalStorage\redhat.java\1.55.0\config_win -data c:\Users\dhana\AppData\Roaming\Code\User\workspaceStorage\a55c360faebba8a3ba963f47fe04c56b\redhat.java\jdt_ws --pipe=\\.\pipe\lsp-20585980a81c170244cb6d261491175a-sock

Host: AMD Ryzen 7 6800H with Radeon Graphics         , 16 cores, 15G,  Windows 11 , 64 bit Build 26100 (10.0.26100.9168)
Time: Sat Aug 22 12:54:43 2026 India Standard Time elapsed time: 10.270491 seconds (0d 0h 0m 10s)

---------------  T H R E A D  ---------------

Current thread (0x0000027e9f3b5840):  JavaThread "C2 CompilerThread4" daemon [_thread_in_native, id=38604, stack(0x000000e374e00000,0x000000e374f00000) (1024K)]


Current CompileTask:
C2:10270 6876   !   4       org.eclipse.osgi.internal.loader.classpath.ClasspathManager::defineClass (636 bytes)

Stack: [0x000000e374e00000,0x000000e374f00000]
Native frames: (J=compiled Java code, j=interpreted, Vv=VM code, C=native code)
V  [jvm.dll+0x6d7e19]
V  [jvm.dll+0x8b5096]
V  [jvm.dll+0x8b764e]
V  [jvm.dll+0x8b7d33]
V  [jvm.dll+0x284596]
V  [jvm.dll+0xc685d]
V  [jvm.dll+0xc6da1]
V  [jvm.dll+0x3bed6b]
V  [jvm.dll+0x1e4149]
V  [jvm.dll+0x24c853]
V  [jvm.dll+0x24bce0]
V  [jvm.dll+0x1cb4ae]
V  [jvm.dll+0x25baad]
V  [jvm.dll+0x25a03a]
V  [jvm.dll+0x3f868e]
V  [jvm.dll+0x85fb0d]
V  [jvm.dll+0x6d664d]
C  [ucrtbase.dll+0x2cd30]
C  [KERNEL32.DLL+0x2ccb7]
C  [ntdll.dll+0xaad6c]


---------------  P R O C E S S  ---------------

Threads class SMR info:
_java_thread_list=0x0000027ea29414a0, length=56, elements={
0x0000027e4080b560, 0x0000027e57299390, 0x0000027e57299f50, 0x0000027e5729d150,
0x0000027e572a1750, 0x0000027e5729fd10, 0x0000027e572a2470, 0x0000027e996fac90,
0x0000027e996fede0, 0x0000027e997fea20, 0x0000027e572a2b00, 0x0000027e572a0a30,
0x0000027e572a10c0, 0x0000027e572a3190, 0x0000027e572a03a0, 0x0000027e572a1de0,
0x0000027e9ff1a450, 0x0000027e9ff1aae0, 0x0000027e9ff19dc0, 0x0000027ea0641800,
0x0000027e9faaaf70, 0x0000027e9ff1d240, 0x0000027e9ff1df60, 0x0000027e9ff1c520,
0x0000027e9ff1e5f0, 0x0000027e9f1d8eb0, 0x0000027ea168a610, 0x0000027e9ff1ec80,
0x0000027ea0fcb280, 0x0000027e9f3b5840, 0x0000027e9ff1f310, 0x0000027ea130bef0,
0x0000027e9ff1be90, 0x0000027e9ff1cbb0, 0x0000027e9ff1f9a0, 0x0000027e9ff20030,
0x0000027e9ff206c0, 0x0000027e9ff20d50, 0x0000027e9ff213e0, 0x0000027ea0e294d0,
0x0000027ea0e28e40, 0x0000027ea0e287b0, 0x0000027ea0e29b60, 0x0000027ea0e2b5a0,
0x0000027ea0e2a880, 0x0000027ea0e2af10, 0x0000027ea0e2a1f0, 0x0000027ea0e28120,
0x0000027ea0e2c950, 0x0000027ea0e2dd00, 0x0000027ea0e2cfe0, 0x0000027ea0e2ea20,
0x0000027ea0e2d670, 0x0000027ea0e2e390, 0x0000027ead060f20, 0x0000027ead693420
}

Java Threads: ( => current thread )
  0x0000027e4080b560 JavaThread "main"                              [_thread_blocked, id=38420, stack(0x000000e372200000,0x000000e372300000) (1024K)]
  0x0000027e57299390 JavaThread "Reference Handler"          daemon [_thread_blocked, id=32744, stack(0x000000e372600000,0x000000e372700000) (1024K)]
  0x0000027e57299f50 JavaThread "Finalizer"                  daemon [_thread_blocked, id=11028, stack(0x000000e372700000,0x000000e372800000) (1024K)]
  0x0000027e5729d150 JavaThread "Signal Dispatcher"          daemon [_thread_blocked, id=39696, stack(0x000000e372800000,0x000000e372900000) (1024K)]
  0x0000027e572a1750 JavaThread "Attach Listener"            daemon [_thread_blocked, id=34944, stack(0x000000e372900000,0x000000e372a00000) (1024K)]
  0x0000027e5729fd10 JavaThread "Service Thread"             daemon [_thread_blocked, id=18488, stack(0x000000e372a00000,0x000000e372b00000) (1024K)]
  0x0000027e572a2470 JavaThread "Monitor Deflation Thread"   daemon [_thread_blocked, id=4792, stack(0x000000e372b00000,0x000000e372c00000) (1024K)]
  0x0000027e996fac90 JavaThread "C2 CompilerThread0"         daemon [_thread_in_native, id=38564, stack(0x000000e372c00000,0x000000e372d00000) (1024K)]
  0x0000027e996fede0 JavaThread "C1 CompilerThread0"         daemon [_thread_blocked, id=45556, stack(0x000000e372d00000,0x000000e372e00000) (1024K)]
  0x0000027e997fea20 JavaThread "C1 CompilerThread1"         daemon [_thread_blocked, id=44468, stack(0x000000e372e00000,0x000000e372f00000) (1024K)]
  0x0000027e572a2b00 JavaThread "Common-Cleaner"             daemon [_thread_blocked, id=25204, stack(0x000000e373100000,0x000000e373200000) (1024K)]
  0x0000027e572a0a30 JavaThread "Notification Thread"        daemon [_thread_blocked, id=12020, stack(0x000000e373300000,0x000000e373400000) (1024K)]
  0x0000027e572a10c0 JavaThread "Active Thread: Equinox Container: 06788f70-51fa-4ec6-af6c-404eacdf97ba"        [_thread_blocked, id=43756, stack(0x000000e373c00000,0x000000e373d00000) (1024K)]
  0x0000027e572a3190 JavaThread "Refresh Thread: Equinox Container: 06788f70-51fa-4ec6-af6c-404eacdf97ba" daemon [_thread_blocked, id=14828, stack(0x000000e373e00000,0x000000e373f00000) (1024K)]
  0x0000027e572a03a0 JavaThread "Framework Event Dispatcher: Equinox Container: 06788f70-51fa-4ec6-af6c-404eacdf97ba" daemon [_thread_blocked, id=44792, stack(0x000000e373f00000,0x000000e374000000) (1024K)]
  0x0000027e572a1de0 JavaThread "Start Level: Equinox Container: 06788f70-51fa-4ec6-af6c-404eacdf97ba" daemon [_thread_blocked, id=29604, stack(0x000000e374000000,0x000000e374100000) (1024K)]
  0x0000027e9ff1a450 JavaThread "Bundle File Closer"         daemon [_thread_blocked, id=15896, stack(0x000000e374200000,0x000000e374300000) (1024K)]
  0x0000027e9ff1aae0 JavaThread "SCR Component Actor"        daemon [_thread_blocked, id=5676, stack(0x000000e372f00000,0x000000e373000000) (1024K)]
  0x0000027e9ff19dc0 JavaThread "Worker-JM"                         [_thread_blocked, id=39388, stack(0x000000e374400000,0x000000e374500000) (1024K)]
  0x0000027ea0641800 JavaThread "C1 CompilerThread2"         daemon [_thread_in_vm, id=32624, stack(0x000000e374700000,0x000000e374800000) (1024K)]
  0x0000027e9faaaf70 JavaThread "C1 CompilerThread3"         daemon [_thread_in_native, id=18472, stack(0x000000e374800000,0x000000e374900000) (1024K)]
  0x0000027e9ff1d240 JavaThread "JNA Cleaner"                daemon [_thread_blocked, id=41160, stack(0x000000e374900000,0x000000e374a00000) (1024K)]
  0x0000027e9ff1df60 JavaThread "Worker-0: Repository registry initialization"        [_thread_in_Java, id=46520, stack(0x000000e374a00000,0x000000e374b00000) (1024K)]
  0x0000027e9ff1c520 JavaThread "Worker-1: Building"                [_thread_in_vm, id=9776, stack(0x000000e374b00000,0x000000e374c00000) (1024K)]
  0x0000027e9ff1e5f0 JavaThread "Worker-2"                          [_thread_blocked, id=18248, stack(0x000000e374c00000,0x000000e374d00000) (1024K)]
  0x0000027e9f1d8eb0 JavaThread "C2 CompilerThread1"         daemon [_thread_in_native, id=36324, stack(0x000000e373000000,0x000000e373100000) (1024K)]
  0x0000027ea168a610 JavaThread "C2 CompilerThread2"         daemon [_thread_in_native, id=13532, stack(0x000000e373200000,0x000000e373300000) (1024K)]
  0x0000027e9ff1ec80 JavaThread "Java indexing"              daemon [_thread_blocked, id=21120, stack(0x000000e374300000,0x000000e374400000) (1024K)]
  0x0000027ea0fcb280 JavaThread "C2 CompilerThread3"         daemon [_thread_in_native, id=10796, stack(0x000000e374d00000,0x000000e374e00000) (1024K)]
=>0x0000027e9f3b5840 JavaThread "C2 CompilerThread4"         daemon [_thread_in_native, id=38604, stack(0x000000e374e00000,0x000000e374f00000) (1024K)]
  0x0000027e9ff1f310 JavaThread "Worker-3"                          [_thread_blocked, id=39920, stack(0x000000e374f00000,0x000000e375000000) (1024K)]
  0x0000027ea130bef0 JavaThread "C2 CompilerThread5"         daemon [_thread_in_native, id=41564, stack(0x000000e375000000,0x000000e375100000) (1024K)]
  0x0000027e9ff1be90 JavaThread "Worker-4"                          [_thread_blocked, id=33796, stack(0x000000e375100000,0x000000e375200000) (1024K)]
  0x0000027e9ff1cbb0 JavaThread "Worker-5"                          [_thread_blocked, id=39224, stack(0x000000e375400000,0x000000e375500000) (1024K)]
  0x0000027e9ff1f9a0 JavaThread "Thread-1"                   daemon [_thread_in_native, id=36352, stack(0x000000e375500000,0x000000e375600000) (1024K)]
  0x0000027e9ff20030 JavaThread "Thread-2"                   daemon [_thread_in_native, id=33188, stack(0x000000e375600000,0x000000e375700000) (1024K)]
  0x0000027e9ff206c0 JavaThread "Thread-3"                   daemon [_thread_in_native, id=19896, stack(0x000000e375700000,0x000000e375800000) (1024K)]
  0x0000027e9ff20d50 JavaThread "Thread-4"                   daemon [_thread_in_native, id=35488, stack(0x000000e375800000,0x000000e375900000) (1024K)]
  0x0000027e9ff213e0 JavaThread "Thread-5"                   daemon [_thread_in_native, id=20560, stack(0x000000e375900000,0x000000e375a00000) (1024K)]
  0x0000027ea0e294d0 JavaThread "Thread-6"                   daemon [_thread_in_native, id=5036, stack(0x000000e375a00000,0x000000e375b00000) (1024K)]
  0x0000027ea0e28e40 JavaThread "Thread-7"                   daemon [_thread_in_native, id=11860, stack(0x000000e375b00000,0x000000e375c00000) (1024K)]
  0x0000027ea0e287b0 JavaThread "Thread-8"                   daemon [_thread_in_native, id=6720, stack(0x000000e375c00000,0x000000e375d00000) (1024K)]
  0x0000027ea0e29b60 JavaThread "Thread-9"                   daemon [_thread_in_native, id=10744, stack(0x000000e375d00000,0x000000e375e00000) (1024K)]
  0x0000027ea0e2b5a0 JavaThread "Thread-10"                  daemon [_thread_in_native, id=15500, stack(0x000000e375e00000,0x000000e375f00000) (1024K)]
  0x0000027ea0e2a880 JavaThread "Thread-11"                  daemon [_thread_in_native, id=33668, stack(0x000000e375f00000,0x000000e376000000) (1024K)]
  0x0000027ea0e2af10 JavaThread "Thread-12"                  daemon [_thread_in_native, id=43484, stack(0x000000e376000000,0x000000e376100000) (1024K)]
  0x0000027ea0e2a1f0 JavaThread "Thread-13"                  daemon [_thread_in_native, id=43564, stack(0x000000e376100000,0x000000e376200000) (1024K)]
  0x0000027ea0e28120 JavaThread "Thread-14"                  daemon [_thread_in_native, id=39584, stack(0x000000e376200000,0x000000e376300000) (1024K)]
  0x0000027ea0e2c950 JavaThread "Thread-15"                  daemon [_thread_in_native, id=25252, stack(0x000000e376300000,0x000000e376400000) (1024K)]
  0x0000027ea0e2dd00 JavaThread "Thread-16"                  daemon [_thread_in_native, id=40476, stack(0x000000e376400000,0x000000e376500000) (1024K)]
  0x0000027ea0e2cfe0 JavaThread "Thread-17"                  daemon [_thread_in_native, id=40000, stack(0x000000e376500000,0x000000e376600000) (1024K)]
  0x0000027ea0e2ea20 JavaThread "pool-2-thread-1"                   [_thread_blocked, id=8280, stack(0x000000e376600000,0x000000e376700000) (1024K)]
  0x0000027ea0e2d670 JavaThread "WorkspaceEventsHandler"            [_thread_blocked, id=37016, stack(0x000000e376900000,0x000000e376a00000) (1024K)]
  0x0000027ea0e2e390 JavaThread "pool-1-thread-1"                   [_thread_in_vm, id=9832, stack(0x000000e376a00000,0x000000e376b00000) (1024K)]
  0x0000027ead060f20 JavaThread "C2 CompilerThread6"         daemon [_thread_in_native, id=39332, stack(0x000000e376700000,0x000000e376800000) (1024K)]
  0x0000027ead693420 JavaThread "C2 CompilerThread7"         daemon [_thread_in_native, id=43392, stack(0x000000e376800000,0x000000e376900000) (1024K)]
Total: 56

Other Threads:
  0x0000027e996f4ba0 VMThread "VM Thread"                           [id=14480, stack(0x000000e372500000,0x000000e372600000) (1024K)]
  0x0000027e5718ba00 WatcherThread "VM Periodic Task Thread"        [id=26652, stack(0x000000e372400000,0x000000e372500000) (1024K)]
  0x0000027e4082a950 WorkerThread "GC Thread#0"                     [id=43408, stack(0x000000e372300000,0x000000e372400000) (1024K)]
  0x0000027e9f9080a0 WorkerThread "GC Thread#1"                     [id=25312, stack(0x000000e373500000,0x000000e373600000) (1024K)]
  0x0000027e9f622ea0 WorkerThread "GC Thread#2"                     [id=21516, stack(0x000000e373600000,0x000000e373700000) (1024K)]
  0x0000027e9f908450 WorkerThread "GC Thread#3"                     [id=19368, stack(0x000000e373700000,0x000000e373800000) (1024K)]
  0x0000027e9fa2b160 WorkerThread "GC Thread#4"                     [id=35624, stack(0x000000e373800000,0x000000e373900000) (1024K)]
  0x0000027e9f367180 WorkerThread "GC Thread#5"                     [id=35724, stack(0x000000e373900000,0x000000e373a00000) (1024K)]
  0x0000027e9f367530 WorkerThread "GC Thread#6"                     [id=35384, stack(0x000000e373a00000,0x000000e373b00000) (1024K)]
  0x0000027e9f8f7640 WorkerThread "GC Thread#7"                     [id=29072, stack(0x000000e373d00000,0x000000e373e00000) (1024K)]
  0x0000027e9faea4a0 WorkerThread "GC Thread#8"                     [id=3196, stack(0x000000e373400000,0x000000e373500000) (1024K)]
  0x0000027e9fe8d800 WorkerThread "GC Thread#9"                     [id=4956, stack(0x000000e373b00000,0x000000e373c00000) (1024K)]
  0x0000027e9fe8dbb0 WorkerThread "GC Thread#10"                    [id=19724, stack(0x000000e374100000,0x000000e374200000) (1024K)]
  0x0000027e9fb4deb0 WorkerThread "GC Thread#11"                    [id=36904, stack(0x000000e374500000,0x000000e374600000) (1024K)]
  0x0000027e9fb0c6f0 WorkerThread "GC Thread#12"                    [id=31064, stack(0x000000e374600000,0x000000e374700000) (1024K)]
Total: 15

Threads with active compile tasks:
C2 CompilerThread0  10332 7396       4       java.lang.invoke.MethodType::methodType (69 bytes)
C2 CompilerThread1  10332 7266       4       java.lang.invoke.MethodType::makeImpl (109 bytes)
C2 CompilerThread2  10332 7139   !   4       org.eclipse.osgi.internal.loader.BundleLoader::findClass0 (490 bytes)
C2 CompilerThread3  10332 6918   !   4       org.eclipse.osgi.internal.loader.BundleLoader::findRequiredSource (283 bytes)
C2 CompilerThread4  10333 6876   !   4       org.eclipse.osgi.internal.loader.classpath.ClasspathManager::defineClass (636 bytes)
C2 CompilerThread5  10333 7401       4       org.eclipse.osgi.internal.loader.BundleLoader::addExportedProvidersFor (167 bytes)
C2 CompilerThread6  10333 7553 %     4       java.net.URI::quote @ 24 (214 bytes)
C2 CompilerThread7  10333 7558       4       java.util.TreeMap::put (221 bytes)
Total: 8

VM state: not at safepoint (normal execution)

VM Mutex/Monitor currently owned by a thread: None

Heap address: 0x0000000080000000, size: 2048 MB, Compressed Oops mode: 32-bit

CDS archive(s) mapped at: [0x0000027e58000000-0x0000027e58ba0000-0x0000027e58ba0000), size 12189696, SharedBaseAddress: 0x0000027e58000000, ArchiveRelocationMode: 1.
Compressed class space mapped at: 0x0000027e59000000-0x0000027e99000000, reserved size: 1073741824
Narrow klass base: 0x0000027e58000000, Narrow klass shift: 0, Narrow klass range: 0x100000000

GC Precious Log:
 CardTable entry size: 512
 CPUs: 16 total, 16 available
 Memory: 15628M
 Large Page Support: Disabled
 NUMA Support: Disabled
 Compressed Oops: Enabled (32-bit)
 Alignments: Space 512K, Generation 512K, Heap 2M
 Heap Min Capacity: 100M
 Heap Initial Capacity: 100M
 Heap Max Capacity: 2G
 Pre-touch: Disabled
 Parallel Workers: 13

Heap:
 PSYoungGen      total 23552K, used 22434K [0x00000000d5580000, 0x00000000d6e00000, 0x0000000100000000)
  eden space 22016K, 95% used [0x00000000d5580000,0x00000000d6a089b8,0x00000000d6b00000)
  from space 1536K, 91% used [0x00000000d6b80000,0x00000000d6ce0000,0x00000000d6d00000)
  to   space 1024K, 0% used [0x00000000d6d00000,0x00000000d6d00000,0x00000000d6e00000)
 ParOldGen       total 68608K, used 39014K [0x0000000080000000, 0x0000000084300000, 0x00000000d5580000)
  object space 68608K, 56% used [0x0000000080000000,0x00000000826198f0,0x0000000084300000)
 Metaspace       used 50025K, committed 51328K, reserved 1114112K
  class space    used 5406K, committed 5952K, reserved 1048576K

Card table byte_map: [0x0000027e401d0000,0x0000027e405e0000] _byte_map_base: 0x0000027e3fdd0000

Marking Bits: (ParMarkBitMap*) 0x00007ffd420d4460
 Begin Bits: [0x0000027e52cb0000, 0x0000027e54cb0000)
 End Bits:   [0x0000027e54cb0000, 0x0000027e56cb0000)

Polling page: 0x0000027e3ffc0000

Metaspace:

Usage:
  Non-class:     43.58 MB used.
      Class:      5.28 MB used.
       Both:     48.86 MB used.

Virtual space:
  Non-class space:       64.00 MB reserved,      44.31 MB ( 69%) committed,  1 nodes.
      Class space:        1.00 GB reserved,       5.81 MB ( <1%) committed,  1 nodes.
             Both:        1.06 GB reserved,      50.12 MB (  5%) committed. 

Chunk freelists:
   Non-Class:  3.22 MB
       Class:  10.05 MB
        Both:  13.27 MB

MaxMetaspaceSize: unlimited
CompressedClassSpaceSize: 1.00 GB
Initial GC threshold: 21.00 MB
Current GC threshold: 58.38 MB
CDS: on
 - commit_granule_bytes: 65536.
 - commit_granule_words: 8192.
 - virtual_space_node_default_size: 8388608.
 - enlarge_chunks_in_place: 1.
 - use_allocation_guard: 0.


Internal statistics:

num_allocs_failed_limit: 6.
num_arena_births: 1006.
num_arena_deaths: 14.
num_vsnodes_births: 2.
num_vsnodes_deaths: 0.
num_space_committed: 803.
num_space_uncommitted: 0.
num_chunks_returned_to_freelist: 20.
num_chunks_taken_from_freelist: 3349.
num_chunk_merges: 9.
num_chunk_splits: 2035.
num_chunks_enlarged: 1073.
num_inconsistent_stats: 0.

CodeHeap 'non-profiled nmethods': size=119168Kb used=3607Kb max_used=3607Kb free=115560Kb
 bounds [0x0000027e4b5a0000, 0x0000027e4b930000, 0x0000027e52a00000]
CodeHeap 'profiled nmethods': size=119104Kb used=14432Kb max_used=14432Kb free=104671Kb
 bounds [0x0000027e43a00000, 0x0000027e44820000, 0x0000027e4ae50000]
CodeHeap 'non-nmethods': size=7488Kb used=3108Kb max_used=3139Kb free=4379Kb
 bounds [0x0000027e4ae50000, 0x0000027e4b180000, 0x0000027e4b5a0000]
CodeCache: size=245760Kb, used=21147Kb, max_used=21178Kb, free=224610Kb
 total_blobs=7607, nmethods=6924, adapters=584, full_count=0
Compilation: enabled, stopped_count=0, restarted_count=0

Compilation events (20 events):
Event: 10.256 Thread 0x0000027e9faaaf70 7508       3       org.eclipse.sisu.inject.RankedSequence::peek (21 bytes)
Event: 10.257 Thread 0x0000027e997fea20 nmethod 7507 0x0000027e447e9a90 code [0x0000027e447e9ca0, 0x0000027e447ea268]
Event: 10.257 Thread 0x0000027e997fea20 7509       3       com.google.inject.internal.ConstructionContext::finishConstruction (11 bytes)
Event: 10.257 Thread 0x0000027e9faaaf70 nmethod 7508 0x0000027e447ea410 code [0x0000027e447ea5c0, 0x0000027e447ea778]
Event: 10.257 Thread 0x0000027e997fea20 nmethod 7509 0x0000027e447ea890 code [0x0000027e447eaa20, 0x0000027e447eab48]
Event: 10.259 Thread 0x0000027ea0641800 7513       3       java.io.OutputStream::flush (1 bytes)
Event: 10.259 Thread 0x0000027ea0641800 nmethod 7513 0x0000027e447eac10 code [0x0000027e447eada0, 0x0000027e447eaea8]
Event: 10.260 Thread 0x0000027ead060f20 7501       4       sun.invoke.util.VerifyType::isNullConversion (157 bytes)
Event: 10.260 Thread 0x0000027ea0641800 7514       3       org.eclipse.sisu.bean.BeanPropertyIterator::hasNext (127 bytes)
Event: 10.261 Thread 0x0000027e997fea20 7515       3       java.util.Locale::hasExtensions (13 bytes)
Event: 10.261 Thread 0x0000027e997fea20 nmethod 7515 0x0000027e447eaf10 code [0x0000027e447eb0a0, 0x0000027e447eb200]
Event: 10.262 Thread 0x0000027ea0641800 nmethod 7514 0x0000027e447eb290 code [0x0000027e447eb540, 0x0000027e447ec610]
Event: 10.263 Thread 0x0000027ea0641800 7517       1       java.lang.Thread::threadId (5 bytes)
Event: 10.263 Thread 0x0000027e9faaaf70 7518       3       com.google.inject.Key::getAnnotation (10 bytes)
Event: 10.264 Thread 0x0000027ea0641800 nmethod 7517 0x0000027e4b920810 code [0x0000027e4b9209a0, 0x0000027e4b920a68]
Event: 10.264 Thread 0x0000027e9faaaf70 nmethod 7518 0x0000027e447ec990 code [0x0000027e447ecb40, 0x0000027e447ecd18]
Event: 10.264 Thread 0x0000027ead693420 7407       4       java.util.StringTokenizer::skipDelimiters (116 bytes)
Event: 10.265 Thread 0x0000027e997fea20 7519       3       java.util.Calendar::isFieldSet (14 bytes)
Event: 10.265 Thread 0x0000027e997fea20 nmethod 7519 0x0000027e447ece10 code [0x0000027e447ecfa0, 0x0000027e447ed0e8]
Event: 10.267 Thread 0x0000027ea0641800 7520       3       org.eclipse.sisu.inject.RankedSequence$Itr::hasNext (113 bytes)

GC Heap History (20 events):
Event: 7.848 GC heap before
{Heap before GC invocations=18 (full 2):
 PSYoungGen      total 24576K, used 24544K [0x00000000d5580000, 0x00000000d7500000, 0x0000000100000000)
  eden space 22016K, 100% used [0x00000000d5580000,0x00000000d6b00000,0x00000000d6b00000)
  from space 2560K, 98% used [0x00000000d6c80000,0x00000000d6ef8030,0x00000000d6f00000)
  to   space 5120K, 0% used [0x00000000d7000000,0x00000000d7000000,0x00000000d7500000)
 ParOldGen       total 68608K, used 21629K [0x0000000080000000, 0x0000000084300000, 0x00000000d5580000)
  object space 68608K, 31% used [0x0000000080000000,0x000000008151f4e8,0x0000000084300000)
 Metaspace       used 38457K, committed 39680K, reserved 1114112K
  class space    used 3969K, committed 4480K, reserved 1048576K
}
Event: 7.852 GC heap after
{Heap after GC invocations=18 (full 2):
 PSYoungGen      total 24576K, used 2080K [0x00000000d5580000, 0x00000000d7280000, 0x0000000100000000)
  eden space 22016K, 0% used [0x00000000d5580000,0x00000000d5580000,0x00000000d6b00000)
  from space 2560K, 81% used [0x00000000d7000000,0x00000000d7208010,0x00000000d7280000)
  to   space 3072K, 0% used [0x00000000d6c80000,0x00000000d6c80000,0x00000000d6f80000)
 ParOldGen       total 68608K, used 24077K [0x0000000080000000, 0x0000000084300000, 0x00000000d5580000)
  object space 68608K, 35% used [0x0000000080000000,0x0000000081783518,0x0000000084300000)
 Metaspace       used 38457K, committed 39680K, reserved 1114112K
  class space    used 3969K, committed 4480K, reserved 1048576K
}
Event: 8.049 GC heap before
{Heap before GC invocations=19 (full 2):
 PSYoungGen      total 24576K, used 24096K [0x00000000d5580000, 0x00000000d7280000, 0x0000000100000000)
  eden space 22016K, 100% used [0x00000000d5580000,0x00000000d6b00000,0x00000000d6b00000)
  from space 2560K, 81% used [0x00000000d7000000,0x00000000d7208010,0x00000000d7280000)
  to   space 3072K, 0% used [0x00000000d6c80000,0x00000000d6c80000,0x00000000d6f80000)
 ParOldGen       total 68608K, used 24077K [0x0000000080000000, 0x0000000084300000, 0x00000000d5580000)
  object space 68608K, 35% used [0x0000000080000000,0x0000000081783518,0x0000000084300000)
 Metaspace       used 39778K, committed 41024K, reserved 1114112K
  class space    used 4157K, committed 4672K, reserved 1048576K
}
Event: 8.052 GC heap after
{Heap after GC invocations=19 (full 2):
 PSYoungGen      total 24576K, used 2282K [0x00000000d5580000, 0x00000000d7080000, 0x0000000100000000)
  eden space 22016K, 0% used [0x00000000d5580000,0x00000000d5580000,0x00000000d6b00000)
  from space 2560K, 89% used [0x00000000d6c80000,0x00000000d6ebaab0,0x00000000d6f00000)
  to   space 1536K, 0% used [0x00000000d6f00000,0x00000000d6f00000,0x00000000d7080000)
 ParOldGen       total 68608K, used 25893K [0x0000000080000000, 0x0000000084300000, 0x00000000d5580000)
  object space 68608K, 37% used [0x0000000080000000,0x0000000081949518,0x0000000084300000)
 Metaspace       used 39778K, committed 41024K, reserved 1114112K
  class space    used 4157K, committed 4672K, reserved 1048576K
}
Event: 8.122 GC heap before
{Heap before GC invocations=20 (full 2):
 PSYoungGen      total 24576K, used 24298K [0x00000000d5580000, 0x00000000d7080000, 0x0000000100000000)
  eden space 22016K, 100% used [0x00000000d5580000,0x00000000d6b00000,0x00000000d6b00000)
  from space 2560K, 89% used [0x00000000d6c80000,0x00000000d6ebaab0,0x00000000d6f00000)
  to   space 1536K, 0% used [0x00000000d6f00000,0x00000000d6f00000,0x00000000d7080000)
 ParOldGen       total 68608K, used 25893K [0x0000000080000000, 0x0000000084300000, 0x00000000d5580000)
  object space 68608K, 37% used [0x0000000080000000,0x0000000081949518,0x0000000084300000)
 Metaspace       used 40244K, committed 41472K, reserved 1114112K
  class space    used 4205K, committed 4736K, reserved 1048576K
}
Event: 8.125 GC heap after
{Heap after GC invocations=20 (full 2):
 PSYoungGen      total 23552K, used 1530K [0x00000000d5580000, 0x00000000d7300000, 0x0000000100000000)
  eden space 22016K, 0% used [0x00000000d5580000,0x00000000d5580000,0x00000000d6b00000)
  from space 1536K, 99% used [0x00000000d6f00000,0x00000000d707eb30,0x00000000d7080000)
  to   space 4096K, 0% used [0x00000000d6b00000,0x00000000d6b00000,0x00000000d6f00000)
 ParOldGen       total 68608K, used 28130K [0x0000000080000000, 0x0000000084300000, 0x00000000d5580000)
  object space 68608K, 41% used [0x0000000080000000,0x0000000081b78810,0x0000000084300000)
 Metaspace       used 40244K, committed 41472K, reserved 1114112K
  class space    used 4205K, committed 4736K, reserved 1048576K
}
Event: 8.201 GC heap before
{Heap before GC invocations=21 (full 2):
 PSYoungGen      total 23552K, used 23546K [0x00000000d5580000, 0x00000000d7300000, 0x0000000100000000)
  eden space 22016K, 100% used [0x00000000d5580000,0x00000000d6b00000,0x00000000d6b00000)
  from space 1536K, 99% used [0x00000000d6f00000,0x00000000d707eb30,0x00000000d7080000)
  to   space 4096K, 0% used [0x00000000d6b00000,0x00000000d6b00000,0x00000000d6f00000)
 ParOldGen       total 68608K, used 28130K [0x0000000080000000, 0x0000000084300000, 0x00000000d5580000)
  object space 68608K, 41% used [0x0000000080000000,0x0000000081b78810,0x0000000084300000)
 Metaspace       used 40484K, committed 41664K, reserved 1114112K
  class space    used 4228K, committed 4736K, reserved 1048576K
}
Event: 8.203 GC heap after
{Heap after GC invocations=21 (full 2):
 PSYoungGen      total 24576K, used 2182K [0x00000000d5580000, 0x00000000d7100000, 0x0000000100000000)
  eden space 22016K, 0% used [0x00000000d5580000,0x00000000d5580000,0x00000000d6b00000)
  from space 2560K, 85% used [0x00000000d6b00000,0x00000000d6d21b90,0x00000000d6d80000)
  to   space 3072K, 0% used [0x00000000d6e00000,0x00000000d6e00000,0x00000000d7100000)
 ParOldGen       total 68608K, used 29642K [0x0000000080000000, 0x0000000084300000, 0x00000000d5580000)
  object space 68608K, 43% used [0x0000000080000000,0x0000000081cf2af8,0x0000000084300000)
 Metaspace       used 40484K, committed 41664K, reserved 1114112K
  class space    used 4228K, committed 4736K, reserved 1048576K
}
Event: 8.270 GC heap before
{Heap before GC invocations=22 (full 2):
 PSYoungGen      total 24576K, used 24198K [0x00000000d5580000, 0x00000000d7100000, 0x0000000100000000)
  eden space 22016K, 100% used [0x00000000d5580000,0x00000000d6b00000,0x00000000d6b00000)
  from space 2560K, 85% used [0x00000000d6b00000,0x00000000d6d21b90,0x00000000d6d80000)
  to   space 3072K, 0% used [0x00000000d6e00000,0x00000000d6e00000,0x00000000d7100000)
 ParOldGen       total 68608K, used 29642K [0x0000000080000000, 0x0000000084300000, 0x00000000d5580000)
  object space 68608K, 43% used [0x0000000080000000,0x0000000081cf2af8,0x0000000084300000)
 Metaspace       used 40741K, committed 41984K, reserved 1114112K
  class space    used 4261K, committed 4800K, reserved 1048576K
}
Event: 8.272 GC heap after
{Heap after GC invocations=22 (full 2):
 PSYoungGen      total 24576K, used 2269K [0x00000000d5580000, 0x00000000d7080000, 0x0000000100000000)
  eden space 22016K, 0% used [0x00000000d5580000,0x00000000d5580000,0x00000000d6b00000)
  from space 2560K, 88% used [0x00000000d6e00000,0x00000000d70376b0,0x00000000d7080000)
  to   space 2560K, 0% used [0x00000000d6b00000,0x00000000d6b00000,0x00000000d6d80000)
 ParOldGen       total 68608K, used 31458K [0x0000000080000000, 0x0000000084300000, 0x00000000d5580000)
  object space 68608K, 45% used [0x0000000080000000,0x0000000081eb89e8,0x0000000084300000)
 Metaspace       used 40741K, committed 41984K, reserved 1114112K
  class space    used 4261K, committed 4800K, reserved 1048576K
}
Event: 8.363 GC heap before
{Heap before GC invocations=23 (full 2):
 PSYoungGen      total 24576K, used 24285K [0x00000000d5580000, 0x00000000d7080000, 0x0000000100000000)
  eden space 22016K, 100% used [0x00000000d5580000,0x00000000d6b00000,0x00000000d6b00000)
  from space 2560K, 88% used [0x00000000d6e00000,0x00000000d70376b0,0x00000000d7080000)
  to   space 2560K, 0% used [0x00000000d6b00000,0x00000000d6b00000,0x00000000d6d80000)
 ParOldGen       total 68608K, used 31458K [0x0000000080000000, 0x0000000084300000, 0x00000000d5580000)
  object space 68608K, 45% used [0x0000000080000000,0x0000000081eb89e8,0x0000000084300000)
 Metaspace       used 41198K, committed 42496K, reserved 1114112K
  class space    used 4325K, committed 4864K, reserved 1048576K
}
Event: 8.368 GC heap after
{Heap after GC invocations=23 (full 2):
 PSYoungGen      total 24576K, used 2242K [0x00000000d5580000, 0x00000000d7000000, 0x0000000100000000)
  eden space 22016K, 0% used [0x00000000d5580000,0x00000000d5580000,0x00000000d6b00000)
  from space 2560K, 87% used [0x00000000d6b00000,0x00000000d6d309e0,0x00000000d6d80000)
  to   space 2560K, 0% used [0x00000000d6d80000,0x00000000d6d80000,0x00000000d7000000)
 ParOldGen       total 68608K, used 33528K [0x0000000080000000, 0x0000000084300000, 0x00000000d5580000)
  object space 68608K, 48% used [0x0000000080000000,0x00000000820be0b8,0x0000000084300000)
 Metaspace       used 41198K, committed 42496K, reserved 1114112K
  class space    used 4325K, committed 4864K, reserved 1048576K
}
Event: 8.460 GC heap before
{Heap before GC invocations=24 (full 2):
 PSYoungGen      total 24576K, used 24258K [0x00000000d5580000, 0x00000000d7000000, 0x0000000100000000)
  eden space 22016K, 100% used [0x00000000d5580000,0x00000000d6b00000,0x00000000d6b00000)
  from space 2560K, 87% used [0x00000000d6b00000,0x00000000d6d309e0,0x00000000d6d80000)
  to   space 2560K, 0% used [0x00000000d6d80000,0x00000000d6d80000,0x00000000d7000000)
 ParOldGen       total 68608K, used 33528K [0x0000000080000000, 0x0000000084300000, 0x00000000d5580000)
  object space 68608K, 48% used [0x0000000080000000,0x00000000820be0b8,0x0000000084300000)
 Metaspace       used 41676K, committed 42880K, reserved 1114112K
  class space    used 4368K, committed 4864K, reserved 1048576K
}
Event: 8.463 GC heap after
{Heap after GC invocations=24 (full 2):
 PSYoungGen      total 24064K, used 1880K [0x00000000d5580000, 0x00000000d6f80000, 0x0000000100000000)
  eden space 22016K, 0% used [0x00000000d5580000,0x00000000d5580000,0x00000000d6b00000)
  from space 2048K, 91% used [0x00000000d6d80000,0x00000000d6f56200,0x00000000d6f80000)
  to   space 2048K, 0% used [0x00000000d6b80000,0x00000000d6b80000,0x00000000d6d80000)
 ParOldGen       total 68608K, used 35299K [0x0000000080000000, 0x0000000084300000, 0x00000000d5580000)
  object space 68608K, 51% used [0x0000000080000000,0x0000000082278dc8,0x0000000084300000)
 Metaspace       used 41676K, committed 42880K, reserved 1114112K
  class space    used 4368K, committed 4864K, reserved 1048576K
}
Event: 8.783 GC heap before
{Heap before GC invocations=25 (full 2):
 PSYoungGen      total 24064K, used 23896K [0x00000000d5580000, 0x00000000d6f80000, 0x0000000100000000)
  eden space 22016K, 100% used [0x00000000d5580000,0x00000000d6b00000,0x00000000d6b00000)
  from space 2048K, 91% used [0x00000000d6d80000,0x00000000d6f56200,0x00000000d6f80000)
  to   space 2048K, 0% used [0x00000000d6b80000,0x00000000d6b80000,0x00000000d6d80000)
 ParOldGen       total 68608K, used 35299K [0x0000000080000000, 0x0000000084300000, 0x00000000d5580000)
  object space 68608K, 51% used [0x0000000080000000,0x0000000082278dc8,0x0000000084300000)
 Metaspace       used 43201K, committed 44480K, reserved 1114112K
  class space    used 4549K, committed 5056K, reserved 1048576K
}
Event: 8.786 GC heap after
{Heap after GC invocations=25 (full 2):
 PSYoungGen      total 24064K, used 1568K [0x00000000d5580000, 0x00000000d6f00000, 0x0000000100000000)
  eden space 22016K, 0% used [0x00000000d5580000,0x00000000d5580000,0x00000000d6b00000)
  from space 2048K, 76% used [0x00000000d6b80000,0x00000000d6d08000,0x00000000d6d80000)
  to   space 1536K, 0% used [0x00000000d6d80000,0x00000000d6d80000,0x00000000d6f00000)
 ParOldGen       total 68608K, used 36932K [0x0000000080000000, 0x0000000084300000, 0x00000000d5580000)
  object space 68608K, 53% used [0x0000000080000000,0x0000000082411300,0x0000000084300000)
 Metaspace       used 43201K, committed 44480K, reserved 1114112K
  class space    used 4549K, committed 5056K, reserved 1048576K
}
Event: 9.334 GC heap before
{Heap before GC invocations=26 (full 2):
 PSYoungGen      total 24064K, used 23584K [0x00000000d5580000, 0x00000000d6f00000, 0x0000000100000000)
  eden space 22016K, 100% used [0x00000000d5580000,0x00000000d6b00000,0x00000000d6b00000)
  from space 2048K, 76% used [0x00000000d6b80000,0x00000000d6d08000,0x00000000d6d80000)
  to   space 1536K, 0% used [0x00000000d6d80000,0x00000000d6d80000,0x00000000d6f00000)
 ParOldGen       total 68608K, used 36932K [0x0000000080000000, 0x0000000084300000, 0x00000000d5580000)
  object space 68608K, 53% used [0x0000000080000000,0x0000000082411300,0x0000000084300000)
 Metaspace       used 45336K, committed 46656K, reserved 1114112K
  class space    used 4813K, committed 5312K, reserved 1048576K
}
Event: 9.336 GC heap after
{Heap after GC invocations=26 (full 2):
 PSYoungGen      total 23040K, used 928K [0x00000000d5580000, 0x00000000d6e80000, 0x0000000100000000)
  eden space 22016K, 0% used [0x00000000d5580000,0x00000000d5580000,0x00000000d6b00000)
  from space 1024K, 90% used [0x00000000d6d80000,0x00000000d6e68000,0x00000000d6e80000)
  to   space 1536K, 0% used [0x00000000d6b80000,0x00000000d6b80000,0x00000000d6d00000)
 ParOldGen       total 68608K, used 38246K [0x0000000080000000, 0x0000000084300000, 0x00000000d5580000)
  object space 68608K, 55% used [0x0000000080000000,0x00000000825598f0,0x0000000084300000)
 Metaspace       used 45336K, committed 46656K, reserved 1114112K
  class space    used 4813K, committed 5312K, reserved 1048576K
}
Event: 9.783 GC heap before
{Heap before GC invocations=27 (full 2):
 PSYoungGen      total 23040K, used 22944K [0x00000000d5580000, 0x00000000d6e80000, 0x0000000100000000)
  eden space 22016K, 100% used [0x00000000d5580000,0x00000000d6b00000,0x00000000d6b00000)
  from space 1024K, 90% used [0x00000000d6d80000,0x00000000d6e68000,0x00000000d6e80000)
  to   space 1536K, 0% used [0x00000000d6b80000,0x00000000d6b80000,0x00000000d6d00000)
 ParOldGen       total 68608K, used 38246K [0x0000000080000000, 0x0000000084300000, 0x00000000d5580000)
  object space 68608K, 55% used [0x0000000080000000,0x00000000825598f0,0x0000000084300000)
 Metaspace       used 47751K, committed 49088K, reserved 1114112K
  class space    used 5127K, committed 5696K, reserved 1048576K
}
Event: 9.785 GC heap after
{Heap after GC invocations=27 (full 2):
 PSYoungGen      total 23552K, used 1408K [0x00000000d5580000, 0x00000000d6e00000, 0x0000000100000000)
  eden space 22016K, 0% used [0x00000000d5580000,0x00000000d5580000,0x00000000d6b00000)
  from space 1536K, 91% used [0x00000000d6b80000,0x00000000d6ce0000,0x00000000d6d00000)
  to   space 1024K, 0% used [0x00000000d6d00000,0x00000000d6d00000,0x00000000d6e00000)
 ParOldGen       total 68608K, used 39014K [0x0000000080000000, 0x0000000084300000, 0x00000000d5580000)
  object space 68608K, 56% used [0x0000000080000000,0x00000000826198f0,0x0000000084300000)
 Metaspace       used 47751K, committed 49088K, reserved 1114112K
  class space    used 5127K, committed 5696K, reserved 1048576K
}

Dll operation events (10 events):
Event: 0.013 Loaded shared library c:\Users\dhana\.vscode\extensions\redhat.java-1.55.0-win32-x64\jre\21.0.11-win32-x86_64\bin\java.dll
Event: 0.089 Loaded shared library c:\Users\dhana\.vscode\extensions\redhat.java-1.55.0-win32-x64\jre\21.0.11-win32-x86_64\bin\zip.dll
Event: 0.115 Loaded shared library C:\Users\dhana\.vscode\extensions\redhat.java-1.55.0-win32-x64\jre\21.0.11-win32-x86_64\bin\instrument.dll
Event: 0.120 Loaded shared library C:\Users\dhana\.vscode\extensions\redhat.java-1.55.0-win32-x64\jre\21.0.11-win32-x86_64\bin\net.dll
Event: 0.123 Loaded shared library C:\Users\dhana\.vscode\extensions\redhat.java-1.55.0-win32-x64\jre\21.0.11-win32-x86_64\bin\nio.dll
Event: 0.127 Loaded shared library C:\Users\dhana\.vscode\extensions\redhat.java-1.55.0-win32-x64\jre\21.0.11-win32-x86_64\bin\zip.dll
Event: 0.146 Loaded shared library C:\Users\dhana\.vscode\extensions\redhat.java-1.55.0-win32-x64\jre\21.0.11-win32-x86_64\bin\jimage.dll
Event: 0.235 Loaded shared library c:\Users\dhana\.vscode\extensions\redhat.java-1.55.0-win32-x64\jre\21.0.11-win32-x86_64\bin\verify.dll
Event: 1.432 Loaded shared library C:\Users\dhana\AppData\Roaming\Code\User\globalStorage\redhat.java\1.55.0\config_win\org.eclipse.equinox.launcher\org.eclipse.equinox.launcher.win32.win32.x86_64_1.3.100.v20260613-0559\eclipse_11924.dll
Event: 4.773 Loaded shared library C:\Users\dhana\AppData\Local\Temp\jna--357457468\jna12953279617802788988.dll

Deoptimization events (20 events):
Event: 10.098 Thread 0x0000027e9ff1df60 Uncommon trap: trap_request=0xffffffde fr.pc=0x0000027e4b90b70c relative=0x000000000000032c
Event: 10.098 Thread 0x0000027e9ff1df60 Uncommon trap: reason=class_check action=maybe_recompile pc=0x0000027e4b90b70c method=java.util.HashMap.removeNode(ILjava/lang/Object;Ljava/lang/Object;ZZ)Ljava/util/HashMap$Node; @ 283 c2
Event: 10.098 Thread 0x0000027e9ff1df60 DEOPT PACKING pc=0x0000027e4b90b70c sp=0x000000e374afe920
Event: 10.098 Thread 0x0000027e9ff1df60 DEOPT UNPACKING pc=0x0000027e4aea3aa2 sp=0x000000e374afe898 mode 2
Event: 10.103 Thread 0x0000027e9ff1df60 Uncommon trap: trap_request=0xffffffde fr.pc=0x0000027e4b90b70c relative=0x000000000000032c
Event: 10.103 Thread 0x0000027e9ff1df60 Uncommon trap: reason=class_check action=maybe_recompile pc=0x0000027e4b90b70c method=java.util.HashMap.removeNode(ILjava/lang/Object;Ljava/lang/Object;ZZ)Ljava/util/HashMap$Node; @ 283 c2
Event: 10.103 Thread 0x0000027e9ff1df60 DEOPT PACKING pc=0x0000027e4b90b70c sp=0x000000e374afe920
Event: 10.103 Thread 0x0000027e9ff1df60 DEOPT UNPACKING pc=0x0000027e4aea3aa2 sp=0x000000e374afe898 mode 2
Event: 10.103 Thread 0x0000027e9ff1df60 Uncommon trap: trap_request=0xffffffde fr.pc=0x0000027e4b90b70c relative=0x000000000000032c
Event: 10.103 Thread 0x0000027e9ff1df60 Uncommon trap: reason=class_check action=maybe_recompile pc=0x0000027e4b90b70c method=java.util.HashMap.removeNode(ILjava/lang/Object;Ljava/lang/Object;ZZ)Ljava/util/HashMap$Node; @ 283 c2
Event: 10.103 Thread 0x0000027e9ff1df60 DEOPT PACKING pc=0x0000027e4b90b70c sp=0x000000e374afe920
Event: 10.104 Thread 0x0000027e9ff1df60 DEOPT UNPACKING pc=0x0000027e4aea3aa2 sp=0x000000e374afe898 mode 2
Event: 10.104 Thread 0x0000027e9ff1df60 Uncommon trap: trap_request=0xffffffde fr.pc=0x0000027e4b90b70c relative=0x000000000000032c
Event: 10.104 Thread 0x0000027e9ff1df60 Uncommon trap: reason=class_check action=maybe_recompile pc=0x0000027e4b90b70c method=java.util.HashMap.removeNode(ILjava/lang/Object;Ljava/lang/Object;ZZ)Ljava/util/HashMap$Node; @ 283 c2
Event: 10.104 Thread 0x0000027e9ff1df60 DEOPT PACKING pc=0x0000027e4b90b70c sp=0x000000e374afe920
Event: 10.104 Thread 0x0000027e9ff1df60 DEOPT UNPACKING pc=0x0000027e4aea3aa2 sp=0x000000e374afe898 mode 2
Event: 10.158 Thread 0x0000027e9ff1df60 Uncommon trap: trap_request=0x00000259 fr.pc=0x0000027e4b666680 relative=0x00000000000000e0
Event: 10.158 Thread 0x0000027e9ff1df60 Uncommon trap: reason=unloaded action=reinterpret pc=0x0000027e4b666680 method=org.codehaus.plexus.util.xml.pull.MXParser.more()C @ 22 c2
Event: 10.158 Thread 0x0000027e9ff1df60 DEOPT PACKING pc=0x0000027e4b666680 sp=0x000000e374afee10
Event: 10.158 Thread 0x0000027e9ff1df60 DEOPT UNPACKING pc=0x0000027e4aea3aa2 sp=0x000000e374afedb0 mode 2

Classes loaded (20 events):
Event: 8.543 Loading class sun/reflect/generics/repository/FieldRepository
Event: 8.544 Loading class sun/reflect/generics/repository/FieldRepository done
Event: 8.627 Loading class java/lang/invoke/MethodHandleImpl$CountingWrapper
Event: 8.627 Loading class java/lang/invoke/MethodHandleImpl$CountingWrapper done
Event: 9.123 Loading class sun/reflect/annotation/AnnotatedTypeFactory$AnnotatedParameterizedTypeImpl
Event: 9.123 Loading class java/lang/reflect/AnnotatedParameterizedType
Event: 9.123 Loading class java/lang/reflect/AnnotatedParameterizedType done
Event: 9.123 Loading class sun/reflect/annotation/AnnotatedTypeFactory$AnnotatedParameterizedTypeImpl done
Event: 9.248 Loading class sun/reflect/generics/scope/ConstructorScope
Event: 9.248 Loading class sun/reflect/generics/scope/ConstructorScope done
Event: 9.248 Loading class sun/reflect/generics/tree/VoidDescriptor
Event: 9.248 Loading class sun/reflect/generics/tree/VoidDescriptor done
Event: 9.391 Loading class java/util/concurrent/CompletionService
Event: 9.391 Loading class java/util/concurrent/CompletionService done
Event: 9.474 Loading class java/nio/channels/ServerSocketChannel
Event: 9.474 Loading class java/nio/channels/ServerSocketChannel done
Event: 9.692 Loading class jdk/internal/org/objectweb/asm/ClassReader
Event: 9.693 Loading class jdk/internal/org/objectweb/asm/ClassReader done
Event: 10.151 Loading class java/lang/ProcessEnvironment$CheckedKeySet
Event: 10.151 Loading class java/lang/ProcessEnvironment$CheckedKeySet done

Classes unloaded (7 events):
Event: 5.260 Thread 0x0000027e996f4ba0 Unloading class 0x0000027e591ab400 'java/lang/invoke/LambdaForm$MH+0x0000027e591ab400'
Event: 5.260 Thread 0x0000027e996f4ba0 Unloading class 0x0000027e591ab000 'java/lang/invoke/LambdaForm$MH+0x0000027e591ab000'
Event: 5.260 Thread 0x0000027e996f4ba0 Unloading class 0x0000027e591aac00 'java/lang/invoke/LambdaForm$MH+0x0000027e591aac00'
Event: 5.260 Thread 0x0000027e996f4ba0 Unloading class 0x0000027e591aa800 'java/lang/invoke/LambdaForm$MH+0x0000027e591aa800'
Event: 5.260 Thread 0x0000027e996f4ba0 Unloading class 0x0000027e591aa400 'java/lang/invoke/LambdaForm$BMH+0x0000027e591aa400'
Event: 5.260 Thread 0x0000027e996f4ba0 Unloading class 0x0000027e591aa000 'java/lang/invoke/LambdaForm$DMH+0x0000027e591aa000'
Event: 5.260 Thread 0x0000027e996f4ba0 Unloading class 0x0000027e591a8c00 'java/lang/invoke/LambdaForm$DMH+0x0000027e591a8c00'

Classes redefined (0 events):
No events

Internal exceptions (20 events):
Event: 7.310 Thread 0x0000027e9ff1be90 Exception <a 'java/io/FileNotFoundException'{0x00000000d6461ea8}> (0x00000000d6461ea8) 
thrown [s\src\hotspot\share\prims\jni.cpp, line 520]
Event: 7.311 Thread 0x0000027e9ff1be90 Exception <a 'java/io/FileNotFoundException'{0x00000000d6463478}> (0x00000000d6463478) 
thrown [s\src\hotspot\share\prims\jni.cpp, line 520]
Event: 7.316 Thread 0x0000027e9ff1be90 Exception <a 'java/lang/NoSuchMethodError'{0x00000000d647a9a0}: 'java.lang.Object java.lang.invoke.DirectMethodHandle$Holder.newInvokeSpecial(java.lang.Object, java.lang.Object, java.lang.Object, int)'> (0x00000000d647a9a0) 
thrown [s\src\hotspot\share\interpreter\linkResolver.cpp, line 773]
Event: 7.318 Thread 0x0000027e9ff1be90 Exception <a 'java/lang/NoSuchMethodError'{0x00000000d647e618}: 'java.lang.Object java.lang.invoke.DirectMethodHandle$Holder.invokeSpecial(java.lang.Object, java.lang.Object, java.lang.Object, java.lang.Object, int)'> (0x00000000d647e618) 
thrown [s\src\hotspot\share\interpreter\linkResolver.cpp, line 773]
Event: 7.319 Thread 0x0000027e9ff1be90 Exception <a 'java/lang/NoSuchMethodError'{0x00000000d64bcc88}: 'java.lang.Object java.lang.invoke.Invokers$Holder.linkToTargetMethod(java.lang.Object, java.lang.Object, int, java.lang.Object)'> (0x00000000d64bcc88) 
thrown [s\src\hotspot\share\interpreter\linkResolver.cpp, line 773]
Event: 7.325 Thread 0x0000027e9ff1be90 Exception <a 'java/lang/NoSuchMethodError'{0x00000000d64f62d0}: 'void java.lang.invoke.DirectMethodHandle$Holder.invokeStaticInit(java.lang.Object, java.lang.Object, java.lang.Object)'> (0x00000000d64f62d0) 
thrown [s\src\hotspot\share\interpreter\linkResolver.cpp, line 773]
Event: 8.138 Thread 0x0000027e9ff1df60 Exception <a 'java/lang/NoClassDefFoundError'{0x00000000d59f00e0}: javax/enterprise/inject/Typed> (0x00000000d59f00e0) 
thrown [s\src\hotspot\share\classfile\systemDictionary.cpp, line 302]
Event: 8.233 Thread 0x0000027e4080b560 Exception <a 'java/lang/NoSuchMethodError'{0x00000000d5e757c0}: 'void java.lang.invoke.DirectMethodHandle$Holder.invokeSpecial(java.lang.Object, java.lang.Object, java.lang.Object, java.lang.Object, java.lang.Object, java.lang.Object)'> (0x00000000d5e757c0) 
thrown [s\src\hotspot\share\interpreter\linkResolver.cpp, line 773]
Event: 8.237 Thread 0x0000027e4080b560 Exception <a 'java/lang/IncompatibleClassChangeError'{0x00000000d602b628}: Found class java.lang.Object, but interface was expected> (0x00000000d602b628) 
thrown [s\src\hotspot\share\interpreter\linkResolver.cpp, line 840]
Event: 8.237 Thread 0x0000027e4080b560 Exception <a 'java/lang/IncompatibleClassChangeError'{0x00000000d602c7e0}: Found class java.lang.Object, but interface was expected> (0x00000000d602c7e0) 
thrown [s\src\hotspot\share\interpreter\linkResolver.cpp, line 840]
Event: 8.625 Thread 0x0000027e9ff1c520 Exception <a 'java/lang/NoSuchMethodError'{0x00000000d63ef138}: 'java.lang.Object java.lang.invoke.DirectMethodHandle$Holder.invokeStatic(java.lang.Object, int, java.lang.Object, java.lang.Object)'> (0x00000000d63ef138) 
thrown [s\src\hotspot\share\interpreter\linkResolver.cpp, line 773]
Event: 8.626 Thread 0x0000027e9ff1c520 Exception <a 'java/lang/NoSuchMethodError'{0x00000000d64a1880}: 'java.lang.Object java.lang.invoke.DelegatingMethodHandle$Holder.delegate(java.lang.Object, int, java.lang.Object, java.lang.Object)'> (0x00000000d64a1880) 
thrown [s\src\hotspot\share\interpreter\linkResolver.cpp, line 773]
Event: 8.629 Thread 0x0000027e9ff1c520 Implicit null exception at 0x0000027e4b67bff6 to 0x0000027e4b67c32c
Event: 8.633 Thread 0x0000027e9ff1c520 Exception <a 'java/lang/NoSuchMethodError'{0x00000000d64b5000}: 'int java.lang.invoke.Invokers$Holder.linkToTargetMethod(java.lang.Object, java.lang.Object, java.lang.Object)'> (0x00000000d64b5000) 
thrown [s\src\hotspot\share\interpreter\linkResolver.cpp, line 773]
Event: 8.888 Thread 0x0000027ea0e2e390 Exception <a 'java/io/FileNotFoundException'{0x00000000d59a0600}> (0x00000000d59a0600) 
thrown [s\src\hotspot\share\prims\jni.cpp, line 520]
Event: 9.656 Thread 0x0000027e9ff1df60 Exception <a 'java/lang/ExceptionInInitializerError'{0x00000000d66fbe28}> (0x00000000d66fbe28) 
thrown [s\src\hotspot\share\oops\instanceKlass.cpp, line 1218]
Event: 9.695 Thread 0x0000027e9ff1df60 Implicit null exception at 0x0000027e4b6e3ffe to 0x0000027e4b6e4270
Event: 9.695 Thread 0x0000027e9ff1df60 Implicit null exception at 0x0000027e4b65559c to 0x0000027e4b6564b8
Event: 9.698 Thread 0x0000027e9ff1df60 Exception <a 'java/lang/NoSuchMethodError'{0x00000000d67b4f98}: 'java.lang.Object java.lang.invoke.Invokers$Holder.invokeExact_MT(java.lang.Object, int, java.lang.Object)'> (0x00000000d67b4f98) 
thrown [s\src\hotspot\share\interpreter\linkResolver.cpp, line 773]
Event: 10.135 Thread 0x0000027e9ff1df60 Exception <a 'java/lang/NoClassDefFoundError'{0x00000000d5ec9d28}: com/google/inject/servlet/ServletModuleTargetVisitor> (0x00000000d5ec9d28) 
thrown [s\src\hotspot\share\classfile\systemDictionary.cpp, line 302]

ZGC Phase Switch (0 events):
No events

VM Operations (20 events):
Event: 8.359 Executing safepoint VM operation: ParallelGCFailedAllocation (Allocation Failure)
Event: 8.368 Executing safepoint VM operation: ParallelGCFailedAllocation (Allocation Failure) done
Event: 8.446 Executing safepoint VM operation: ParallelGCFailedAllocation (Allocation Failure)
Event: 8.463 Executing safepoint VM operation: ParallelGCFailedAllocation (Allocation Failure) done
Event: 8.783 Executing safepoint VM operation: ParallelGCFailedAllocation (Allocation Failure)
Event: 8.786 Executing safepoint VM operation: ParallelGCFailedAllocation (Allocation Failure) done
Event: 8.854 Executing non-safepoint VM operation: HandshakeAllThreads (Deoptimize)
Event: 8.854 Executing non-safepoint VM operation: HandshakeAllThreads (Deoptimize) done
Event: 9.230 Executing non-safepoint VM operation: HandshakeAllThreads (Deoptimize)
Event: 9.230 Executing non-safepoint VM operation: HandshakeAllThreads (Deoptimize) done
Event: 9.334 Executing safepoint VM operation: ParallelGCFailedAllocation (Allocation Failure)
Event: 9.336 Executing safepoint VM operation: ParallelGCFailedAllocation (Allocation Failure) done
Event: 9.404 Executing non-safepoint VM operation: HandshakeAllThreads (Deoptimize)
Event: 9.404 Executing non-safepoint VM operation: HandshakeAllThreads (Deoptimize) done
Event: 9.757 Executing non-safepoint VM operation: HandshakeAllThreads (Deoptimize)
Event: 9.757 Executing non-safepoint VM operation: HandshakeAllThreads (Deoptimize) done
Event: 9.783 Executing safepoint VM operation: ParallelGCFailedAllocation (Allocation Failure)
Event: 9.785 Executing safepoint VM operation: ParallelGCFailedAllocation (Allocation Failure) done
Event: 10.251 Executing non-safepoint VM operation: HandshakeAllThreads (Deoptimize)
Event: 10.251 Executing non-safepoint VM operation: HandshakeAllThreads (Deoptimize) done

Memory protections (0 events):
No events

Nmethod flushes (20 events):
Event: 7.004 Thread 0x0000027e996f4ba0 flushing  nmethod 0x0000027e44128c90
Event: 7.004 Thread 0x0000027e996f4ba0 flushing  nmethod 0x0000027e44129090
Event: 7.004 Thread 0x0000027e996f4ba0 flushing  nmethod 0x0000027e44129990
Event: 7.004 Thread 0x0000027e996f4ba0 flushing  nmethod 0x0000027e4412ab90
Event: 7.004 Thread 0x0000027e996f4ba0 flushing  nmethod 0x0000027e4412b390
Event: 7.004 Thread 0x0000027e996f4ba0 flushing  nmethod 0x0000027e4412bb10
Event: 7.004 Thread 0x0000027e996f4ba0 flushing  nmethod 0x0000027e4412c490
Event: 7.004 Thread 0x0000027e996f4ba0 flushing  nmethod 0x0000027e4412c990
Event: 7.004 Thread 0x0000027e996f4ba0 flushing  nmethod 0x0000027e4412da90
Event: 7.004 Thread 0x0000027e996f4ba0 flushing  nmethod 0x0000027e4412de90
Event: 7.004 Thread 0x0000027e996f4ba0 flushing  nmethod 0x0000027e4412e310
Event: 7.004 Thread 0x0000027e996f4ba0 flushing  nmethod 0x0000027e44130010
Event: 7.004 Thread 0x0000027e996f4ba0 flushing  nmethod 0x0000027e44130310
Event: 7.004 Thread 0x0000027e996f4ba0 flushing  nmethod 0x0000027e44132790
Event: 7.004 Thread 0x0000027e996f4ba0 flushing  nmethod 0x0000027e44177690
Event: 7.004 Thread 0x0000027e996f4ba0 flushing  nmethod 0x0000027e44178190
Event: 7.004 Thread 0x0000027e996f4ba0 flushing  nmethod 0x0000027e4417d590
Event: 7.004 Thread 0x0000027e996f4ba0 flushing  nmethod 0x0000027e4419f090
Event: 7.004 Thread 0x0000027e996f4ba0 flushing  nmethod 0x0000027e4424cb10
Event: 7.004 Thread 0x0000027e996f4ba0 flushing  nmethod 0x0000027e4424cf90

Events (20 events):
Event: 6.963 Thread 0x0000027e4080b560 Thread added: 0x0000027ea0e28e40
Event: 6.965 Thread 0x0000027e4080b560 Thread added: 0x0000027ea0e287b0
Event: 6.968 Thread 0x0000027e4080b560 Thread added: 0x0000027ea0e29b60
Event: 6.970 Thread 0x0000027e4080b560 Thread added: 0x0000027ea0e2b5a0
Event: 6.973 Thread 0x0000027e4080b560 Thread added: 0x0000027ea0e2a880
Event: 6.974 Thread 0x0000027e4080b560 Thread added: 0x0000027ea0e2af10
Event: 6.977 Thread 0x0000027e4080b560 Thread added: 0x0000027ea0e2a1f0
Event: 6.979 Thread 0x0000027e4080b560 Thread added: 0x0000027ea0e28120
Event: 7.034 Thread 0x0000027e4080b560 Thread added: 0x0000027ea0e2c950
Event: 7.036 Thread 0x0000027e4080b560 Thread added: 0x0000027ea0e2dd00
Event: 7.039 Thread 0x0000027e4080b560 Thread added: 0x0000027ea0e2cfe0
Event: 7.117 Thread 0x0000027e4080b560 Thread added: 0x0000027ea0e2ea20
Event: 7.421 Thread 0x0000027e996fede0 Thread added: 0x0000027ea2460e50
Event: 7.456 Thread 0x0000027e997fea20 Thread added: 0x0000027e99a3f010
Event: 8.331 Thread 0x0000027e4080b560 Thread added: 0x0000027ea0e2d670
Event: 8.332 Thread 0x0000027e4080b560 Thread added: 0x0000027ea0e2e390
Event: 9.495 Thread 0x0000027e99a3f010 Thread exited: 0x0000027e99a3f010
Event: 9.556 Thread 0x0000027ea2460e50 Thread exited: 0x0000027ea2460e50
Event: 10.260 Thread 0x0000027e997fea20 Thread added: 0x0000027ead060f20
Event: 10.264 Thread 0x0000027e997fea20 Thread added: 0x0000027ead693420


Dynamic libraries:
0x00007ff7b1a00000 - 0x00007ff7b1a0e000 	c:\Users\dhana\.vscode\extensions\redhat.java-1.55.0-win32-x64\jre\21.0.11-win32-x86_64\bin\java.exe
0x00007ffdc6960000 - 0x00007ffdc6bc6000 	C:\WINDOWS\SYSTEM32\ntdll.dll
0x00007ffda2860000 - 0x00007ffda2881000 	C:\Program Files\Avast Software\Avast\aswhook.dll
0x00007ffdc4bf0000 - 0x00007ffdc4cb9000 	C:\WINDOWS\System32\KERNEL32.DLL
0x00007ffdc3e40000 - 0x00007ffdc423f000 	C:\WINDOWS\System32\KERNELBASE.dll
0x00007ffdc4530000 - 0x00007ffdc467c000 	C:\WINDOWS\System32\ucrtbase.dll
0x00007ffda4290000 - 0x00007ffda42a8000 	c:\Users\dhana\.vscode\extensions\redhat.java-1.55.0-win32-x64\jre\21.0.11-win32-x86_64\bin\jli.dll
0x00007ffda44d0000 - 0x00007ffda44ee000 	c:\Users\dhana\.vscode\extensions\redhat.java-1.55.0-win32-x64\jre\21.0.11-win32-x86_64\bin\VCRUNTIME140.dll
0x00007ffdc6290000 - 0x00007ffdc6456000 	C:\WINDOWS\System32\USER32.dll
0x00007ffda7a70000 - 0x00007ffda7d01000 	C:\WINDOWS\WinSxS\amd64_microsoft.windows.common-controls_6595b64144ccf1df_6.0.26100.8972_none_3e0da176e32f9d4b\COMCTL32.dll
0x00007ffdc4440000 - 0x00007ffdc4467000 	C:\WINDOWS\System32\win32u.dll
0x00007ffdc50e0000 - 0x00007ffdc510b000 	C:\WINDOWS\System32\GDI32.dll
0x00007ffdc4800000 - 0x00007ffdc48a9000 	C:\WINDOWS\System32\msvcrt.dll
0x00007ffdc4310000 - 0x00007ffdc4439000 	C:\WINDOWS\System32\gdi32full.dll
0x00007ffdc3c00000 - 0x00007ffdc3ca3000 	C:\WINDOWS\System32\msvcp_win.dll
0x00007ffdc4da0000 - 0x00007ffdc4dd2000 	C:\WINDOWS\System32\IMM32.DLL
0x00007ffdb8930000 - 0x00007ffdb893c000 	c:\Users\dhana\.vscode\extensions\redhat.java-1.55.0-win32-x64\jre\21.0.11-win32-x86_64\bin\vcruntime140_1.dll
0x00007ffd97c00000 - 0x00007ffd97c8d000 	c:\Users\dhana\.vscode\extensions\redhat.java-1.55.0-win32-x64\jre\21.0.11-win32-x86_64\bin\msvcp140.dll
0x00007ffd41410000 - 0x00007ffd421b2000 	c:\Users\dhana\.vscode\extensions\redhat.java-1.55.0-win32-x64\jre\21.0.11-win32-x86_64\bin\server\jvm.dll
0x00007ffdc5fe0000 - 0x00007ffdc609c000 	C:\WINDOWS\System32\ADVAPI32.dll
0x00007ffdc48b0000 - 0x00007ffdc495a000 	C:\WINDOWS\System32\sechost.dll
0x00007ffdc5730000 - 0x00007ffdc5848000 	C:\WINDOWS\System32\RPCRT4.dll
0x00007ffdc5110000 - 0x00007ffdc5192000 	C:\WINDOWS\System32\WS2_32.dll
0x00007ffdc39d0000 - 0x00007ffdc3a2e000 	C:\WINDOWS\SYSTEM32\POWRPROF.dll
0x00007ffdbc2f0000 - 0x00007ffdbc2fb000 	C:\WINDOWS\SYSTEM32\VERSION.dll
0x00007ffdb7d10000 - 0x00007ffdb7d46000 	C:\WINDOWS\SYSTEM32\WINMM.dll
0x00007ffdc39b0000 - 0x00007ffdc39c5000 	C:\WINDOWS\SYSTEM32\UMPDC.dll
0x00007ffdc2860000 - 0x00007ffdc287b000 	C:\WINDOWS\SYSTEM32\kernel.appcore.dll
0x00007ffdb5b70000 - 0x00007ffdb5b7a000 	c:\Users\dhana\.vscode\extensions\redhat.java-1.55.0-win32-x64\jre\21.0.11-win32-x86_64\bin\jimage.dll
0x00007ffdc12e0000 - 0x00007ffdc1522000 	C:\WINDOWS\SYSTEM32\DBGHELP.DLL
0x00007ffdc51b0000 - 0x00007ffdc5535000 	C:\WINDOWS\System32\combase.dll
0x00007ffdc4cc0000 - 0x00007ffdc4d99000 	C:\WINDOWS\System32\OLEAUT32.dll
0x00007ffdbc480000 - 0x00007ffdbc4bb000 	C:\WINDOWS\SYSTEM32\dbgcore.DLL
0x00007ffdc4250000 - 0x00007ffdc42fc000 	C:\WINDOWS\System32\bcryptPrimitives.dll
0x00007ffda7df0000 - 0x00007ffda7dff000 	c:\Users\dhana\.vscode\extensions\redhat.java-1.55.0-win32-x64\jre\21.0.11-win32-x86_64\bin\instrument.dll
0x00007ffda4210000 - 0x00007ffda4230000 	c:\Users\dhana\.vscode\extensions\redhat.java-1.55.0-win32-x64\jre\21.0.11-win32-x86_64\bin\java.dll
0x00007ffdc5850000 - 0x00007ffdc5fd8000 	C:\WINDOWS\System32\SHELL32.dll
0x00007ffdc15f0000 - 0x00007ffdc1e8b000 	C:\WINDOWS\SYSTEM32\windows.storage.dll
0x00007ffdc4960000 - 0x00007ffdc4a59000 	C:\WINDOWS\System32\SHCORE.dll
0x00007ffdc60b0000 - 0x00007ffdc6116000 	C:\WINDOWS\System32\shlwapi.dll
0x00007ffdc3a90000 - 0x00007ffdc3ab9000 	C:\WINDOWS\SYSTEM32\profapi.dll
0x00007ffd9e310000 - 0x00007ffd9e328000 	c:\Users\dhana\.vscode\extensions\redhat.java-1.55.0-win32-x64\jre\21.0.11-win32-x86_64\bin\zip.dll
0x00007ffda4280000 - 0x00007ffda4290000 	C:\Users\dhana\.vscode\extensions\redhat.java-1.55.0-win32-x64\jre\21.0.11-win32-x86_64\bin\net.dll
0x00007ffdbd790000 - 0x00007ffdbd8b8000 	C:\WINDOWS\SYSTEM32\WINHTTP.dll
0x00007ffdc2e10000 - 0x00007ffdc2e7c000 	C:\WINDOWS\system32\mswsock.dll
0x00007ffd9e2f0000 - 0x00007ffd9e306000 	C:\Users\dhana\.vscode\extensions\redhat.java-1.55.0-win32-x64\jre\21.0.11-win32-x86_64\bin\nio.dll
0x00007ffda4200000 - 0x00007ffda4210000 	c:\Users\dhana\.vscode\extensions\redhat.java-1.55.0-win32-x64\jre\21.0.11-win32-x86_64\bin\verify.dll
0x00007ffd6df30000 - 0x00007ffd6df75000 	C:\Users\dhana\AppData\Roaming\Code\User\globalStorage\redhat.java\1.55.0\config_win\org.eclipse.equinox.launcher\org.eclipse.equinox.launcher.win32.win32.x86_64_1.3.100.v20260613-0559\eclipse_11924.dll
0x00007ffdc4f40000 - 0x00007ffdc50d9000 	C:\WINDOWS\System32\ole32.dll
0x00007ffdc3100000 - 0x00007ffdc311b000 	C:\WINDOWS\SYSTEM32\CRYPTSP.dll
0x00007ffdc27c0000 - 0x00007ffdc27f9000 	C:\WINDOWS\system32\rsaenh.dll
0x00007ffdc2ec0000 - 0x00007ffdc2ef2000 	C:\WINDOWS\SYSTEM32\USERENV.dll
0x00007ffdc3a60000 - 0x00007ffdc3a8a000 	C:\WINDOWS\SYSTEM32\bcrypt.dll
0x00007ffdc3120000 - 0x00007ffdc312c000 	C:\WINDOWS\SYSTEM32\CRYPTBASE.dll
0x00007ffdc2230000 - 0x00007ffdc2263000 	C:\WINDOWS\SYSTEM32\IPHLPAPI.DLL
0x00007ffdc5540000 - 0x00007ffdc554a000 	C:\WINDOWS\System32\NSI.dll
0x00007ffd67d40000 - 0x00007ffd67d89000 	C:\Users\dhana\AppData\Local\Temp\jna--357457468\jna12953279617802788988.dll
0x00007ffdc4e30000 - 0x00007ffdc4e38000 	C:\WINDOWS\System32\PSAPI.DLL
0x00007ffdbda80000 - 0x00007ffdbda9d000 	C:\WINDOWS\SYSTEM32\dhcpcsvc6.DLL
0x00007ffdbda50000 - 0x00007ffdbda75000 	C:\WINDOWS\SYSTEM32\dhcpcsvc.DLL

JVMTI agents:
c:\Users\dhana\.vscode\extensions\redhat.java-1.55.0-win32-x64\lombok\lombok-1.18.39-4050.jar path:c:\Users\dhana\.vscode\extensions\redhat.java-1.55.0-win32-x64\jre\21.0.11-win32-x86_64\bin\instrument.dll, loaded, initialized, instrumentlib options:none

dbghelp: loaded successfully - version: 4.0.5 - missing functions: none
symbol engine: initialized successfully - sym options: 0x614 - pdb path: .;c:\Users\dhana\.vscode\extensions\redhat.java-1.55.0-win32-x64\jre\21.0.11-win32-x86_64\bin;C:\WINDOWS\SYSTEM32;C:\Program Files\Avast Software\Avast;C:\WINDOWS\WinSxS\amd64_microsoft.windows.common-controls_6595b64144ccf1df_6.0.26100.8972_none_3e0da176e32f9d4b;c:\Users\dhana\.vscode\extensions\redhat.java-1.55.0-win32-x64\jre\21.0.11-win32-x86_64\bin\server;C:\Users\dhana\AppData\Roaming\Code\User\globalStorage\redhat.java\1.55.0\config_win\org.eclipse.equinox.launcher\org.eclipse.equinox.launcher.win32.win32.x86_64_1.3.100.v20260613-0559;C:\Users\dhana\AppData\Local\Temp\jna--357457468

VM Arguments:
jvm_args: --add-modules=ALL-SYSTEM --add-opens=java.base/java.util=ALL-UNNAMED --add-opens=java.base/java.lang=ALL-UNNAMED --add-opens=java.base/sun.nio.fs=ALL-UNNAMED -Declipse.application=org.eclipse.jdt.ls.core.id1 -Dosgi.bundles.defaultStartLevel=4 -Declipse.product=org.eclipse.jdt.ls.core.product -Djava.import.generatesMetadataFilesAtProjectRoot=false -DDetectVMInstallationsJob.disabled=true -Dfile.encoding=utf8 -XX:+UseParallelGC -XX:GCTimeRatio=4 -XX:AdaptiveSizePolicyWeight=90 -Dsun.zip.disableMemoryMapping=true -Xmx2G -Xms100m -Xlog:disable -javaagent:c:\Users\dhana\.vscode\extensions\redhat.java-1.55.0-win32-x64\lombok\lombok-1.18.39-4050.jar -XX:+HeapDumpOnOutOfMemoryError -XX:HeapDumpPath=c:\Users\dhana\AppData\Roaming\Code\User\workspaceStorage\a55c360faebba8a3ba963f47fe04c56b\redhat.java -Daether.dependencyCollector.impl=bf 
java_command: c:\Users\dhana\.vscode\extensions\redhat.java-1.55.0-win32-x64\server\plugins\org.eclipse.equinox.launcher_1.7.200.v20260619-2039.jar -configuration c:\Users\dhana\AppData\Roaming\Code\User\globalStorage\redhat.java\1.55.0\config_win -data c:\Users\dhana\AppData\Roaming\Code\User\workspaceStorage\a55c360faebba8a3ba963f47fe04c56b\redhat.java\jdt_ws --pipe=\\.\pipe\lsp-20585980a81c170244cb6d261491175a-sock
java_class_path (initial): c:\Users\dhana\.vscode\extensions\redhat.java-1.55.0-win32-x64\server\plugins\org.eclipse.equinox.launcher_1.7.200.v20260619-2039.jar
Launcher Type: SUN_STANDARD

[Global flags]
    uintx AdaptiveSizePolicyWeight                 = 90                                        {product} {command line}
     intx CICompilerCount                          = 12                                        {product} {ergonomic}
    uintx GCTimeRatio                              = 4                                         {product} {command line}
     bool HeapDumpOnOutOfMemoryError               = true                                   {manageable} {command line}
    ccstr HeapDumpPath                             = c:\Users\dhana\AppData\Roaming\Code\User\workspaceStorage\a55c360faebba8a3ba963f47fe04c56b\redhat.java         {manageable} {command line}
   size_t InitialHeapSize                          = 104857600                                 {product} {command line}
   size_t MaxHeapSize                              = 2147483648                                {product} {command line}
   size_t MaxNewSize                               = 715653120                                 {product} {ergonomic}
   size_t MinHeapDeltaBytes                        = 524288                                    {product} {ergonomic}
   size_t MinHeapSize                              = 104857600                                 {product} {command line}
   size_t NewSize                                  = 34603008                                  {product} {ergonomic}
    uintx NonNMethodCodeHeapSize                   = 7602480                                {pd product} {ergonomic}
    uintx NonProfiledCodeHeapSize                  = 122027880                              {pd product} {ergonomic}
   size_t OldSize                                  = 70254592                                  {product} {ergonomic}
    uintx ProfiledCodeHeapSize                     = 122027880                              {pd product} {ergonomic}
    uintx ReservedCodeCacheSize                    = 251658240                              {pd product} {ergonomic}
     bool SegmentedCodeCache                       = true                                      {product} {ergonomic}
   size_t SoftMaxHeapSize                          = 2147483648                             {manageable} {ergonomic}
     bool UseCompressedOops                        = true                           {product lp64_product} {ergonomic}
     bool UseLargePagesIndividualAllocation        = false                                  {pd product} {ergonomic}
     bool UseParallelGC                            = true                                      {product} {command line}

Logging:
Log output configuration:
 #0: stdout all=off uptime,level,tags foldmultilines=false
 #1: stderr all=off uptime,level,tags foldmultilines=false

Release file:
JAVA_VERSION="21.0.11" 
MODULES="java.base java.compiler java.datatransfer java.xml java.prefs java.desktop java.instrument java.logging java.management java.security.sasl java.naming java.rmi java.management.rmi java.net.http java.scripting java.security.jgss java.transaction.xa java.sql java.sql.rowset java.xml.crypto java.se java.smartcardio jdk.accessibility jdk.internal.jvmstat jdk.attach jdk.charsets jdk.internal.opt jdk.zipfs jdk.compiler jdk.crypto.ec jdk.crypto.cryptoki jdk.crypto.mscapi jdk.dynalink jdk.internal.ed jdk.editpad jdk.hotspot.agent jdk.httpserver jdk.internal.le jdk.internal.vm.ci jdk.internal.vm.compiler jdk.internal.vm.compiler.management jdk.jartool jdk.javadoc jdk.jcmd jdk.management jdk.management.agent jdk.jconsole jdk.jdeps jdk.jdwp.agent jdk.jdi jdk.jfr jdk.jshell jdk.jsobject jdk.jstatd jdk.localedata jdk.management.jfr jdk.naming.dns jdk.naming.rmi jdk.net jdk.nio.mapmode jdk.random jdk.sctp jdk.security.auth jdk.security.jgss jdk.unsupported jdk.unsupported.desktop jdk.xml.dom" 

Environment Variables:
PATH=C:\Python314\Scripts\;C:\Python314\;C:\Program Files\Common Files\Oracle\Java\javapath;C:\ProgramData\Oracle\Java\javapath;C:\Windows\system32;C:\Windows;C:\Windows\System32\Wbem;C:\Windows\System32\WindowsPowerShell\v1.0\;C:\Windows\System32\OpenSSH\;C:\Program Files (x86)\NVIDIA Corporation\PhysX\Common;C:\Python\Python310;C:\Program Files\dotnet\;C:\WINDOWS\system32;C:\WINDOWS;C:\WINDOWS\System32\Wbem;C:\WINDOWS\System32\WindowsPowerShell\v1.0\;C:\WINDOWS\System32\OpenSSH\;C:\MinGW\bin;C:\Program Files\NVIDIA Corporation\NVIDIA app\NvDLISR;C:\Users\Public\Desktop\R 4.4.2.lnk;C:\Program Files\Java\jdk-21.0.11\bin;C:\Program Files\apache-maven-3.9.12\bin;C:\Program Files\AmypoCoder\bin;C:\Program Files\Git\cmd;C:\Program Files\apache-maven-3.9.12\bin;C:\Program Files (x86)\Nmap\;C:\Program Files\nodejs\;C:\ProgramData\chocolatey\bin;C:\Program Files\Cloudflare\Cloudflare WARP\;C:\Users\dhana\AppData\Local\Microsoft\WindowsApps;C:\Users\dhana\AppData\Local\Programs\Microsoft VS Code\bin;C:\Users\dhana\Downloads\jdk-21.0.11_doc-all\docs;C:\Program Files\Java\jdk-21.0.11\bin;C:\Program Files\apache-maven-3.9.12\bin;C:\Program Files\MySQL\MySQL Server 8.0\bin;C:\Users\dhana\AppData\Roaming\npm;C:\Program Files\nodejs\;;C:\Users\dhana\AppData\Local\Programs\DockerDesktop\resources\bin
USERNAME=dhananjay
OS=Windows_NT
PROCESSOR_IDENTIFIER=AMD64 Family 25 Model 68 Stepping 1, AuthenticAMD
TMP=C:\Users\dhana\AppData\Local\Temp
TEMP=C:\Users\dhana\AppData\Local\Temp




Periodic native trim disabled

---------------  S Y S T E M  ---------------

OS:
 Windows 11 , 64 bit Build 26100 (10.0.26100.9168)
OS uptime: 1 days 4:28 hours
Hyper-V role detected

CPU: total 16 (initial active 16) (16 cores per cpu, 2 threads per core) family 25 model 68 stepping 1 microcode 0xa404102, cx8, cmov, fxsr, ht, mmx, 3dnowpref, sse, sse2, sse3, ssse3, sse4a, sse4.1, sse4.2, popcnt, lzcnt, tsc, tscinvbit, avx, avx2, aes, erms, clmul, bmi1, bmi2, adx, sha, fma, vzeroupper, clflush, clflushopt, hv, rdtscp, rdpid, fsrm, f16c, cet_ss
Processor Information for the first 16 processors :
  Max Mhz: 3201, Current Mhz: 3201, Mhz Limit: 3201

Memory: 4k page, system-wide physical 15628M (1623M free)
TotalPageFile size 30541M (AvailPageFile size 26M)
current process WorkingSet (physical memory assigned to process): 304M, peak: 307M
current process commit charge ("private bytes"): 422M, peak: 424M

vm_info: OpenJDK 64-Bit Server VM (21.0.11+10-LTS) for windows-amd64 JRE (21.0.11+10-LTS), built on 2026-04-21T00:00:00Z by "admin" with MS VC++ 17.12 (VS2022)

END.
