#
# There is insufficient memory for the Java Runtime Environment to continue.
# Native memory allocation (malloc) failed to allocate 1288416 bytes. Error detail: Chunk::new
# Possible reasons:
#   The system is out of physical RAM or swap space
#   This process is running with CompressedOops enabled, and the Java Heap may be blocking the growth of the native heap
# Possible solutions:
#   Reduce memory load on the system
#   Increase physical memory or swap space
#   Check if swap backing store is full
#   Decrease Java heap size (-Xmx/-Xms)
#   Decrease number of Java threads
#   Decrease Java thread stack sizes (-Xss)
#   Set larger code cache with -XX:ReservedCodeCacheSize=
#   JVM is running with Unscaled Compressed Oops mode in which the Java heap is
#     placed in the first 4GB address space. The Java Heap base address is the
#     maximum limit for the native heap growth. Please use -XX:HeapBaseMinAddress
#     to set the Java Heap base and to place the Java Heap above 4GB virtual address.
# This output file may be truncated or incomplete.
#
#  Out of Memory Error (arena.cpp:168), pid=45912, tid=5348
#
# JRE version: OpenJDK Runtime Environment Temurin-21.0.11+10 (21.0.11+10) (build 21.0.11+10-LTS)
# Java VM: OpenJDK 64-Bit Server VM Temurin-21.0.11+10 (21.0.11+10-LTS, mixed mode, sharing, tiered, compressed oops, compressed class ptrs, parallel gc, windows-amd64)
# No core dump will be written. Minidumps are not enabled by default on client versions of Windows
#

---------------  S U M M A R Y ------------

Command Line: --add-modules=ALL-SYSTEM --add-opens=java.base/java.util=ALL-UNNAMED --add-opens=java.base/java.lang=ALL-UNNAMED --add-opens=java.base/sun.nio.fs=ALL-UNNAMED -Declipse.application=org.eclipse.jdt.ls.core.id1 -Dosgi.bundles.defaultStartLevel=4 -Declipse.product=org.eclipse.jdt.ls.core.product -Djava.import.generatesMetadataFilesAtProjectRoot=false -DDetectVMInstallationsJob.disabled=true -Dfile.encoding=utf8 -XX:+UseParallelGC -XX:GCTimeRatio=4 -XX:AdaptiveSizePolicyWeight=90 -Dsun.zip.disableMemoryMapping=true -Xmx2G -Xms100m -Xlog:disable -javaagent:c:\Users\dhana\.vscode\extensions\redhat.java-1.55.0-win32-x64\lombok\lombok-1.18.39-4050.jar -XX:+HeapDumpOnOutOfMemoryError -XX:HeapDumpPath=c:\Users\dhana\AppData\Roaming\Code\User\workspaceStorage\a55c360faebba8a3ba963f47fe04c56b\redhat.java -Daether.dependencyCollector.impl=bf c:\Users\dhana\.vscode\extensions\redhat.java-1.55.0-win32-x64\server\plugins\org.eclipse.equinox.launcher_1.7.200.v20260619-2039.jar -configuration c:\Users\dhana\AppData\Roaming\Code\User\globalStorage\redhat.java\1.55.0\config_win -data c:\Users\dhana\AppData\Roaming\Code\User\workspaceStorage\a55c360faebba8a3ba963f47fe04c56b\redhat.java\jdt_ws --pipe=\\.\pipe\lsp-17ef435da9068ef993d9c2bd6f3b526f-sock

Host: AMD Ryzen 7 6800H with Radeon Graphics         , 16 cores, 15G,  Windows 11 , 64 bit Build 26100 (10.0.26100.9168)
Time: Sat Aug 22 12:42:51 2026 India Standard Time elapsed time: 2489.031298 seconds (0d 0h 41m 29s)

---------------  T H R E A D  ---------------

Current thread (0x000002709bc5e130):  JavaThread "C2 CompilerThread0" daemon [_thread_in_native, id=5348, stack(0x000000c1dac00000,0x000000c1dad00000) (1024K)]


Current CompileTask:
C2:2489031 23333       4       lombok.eclipse.EclipseAST::buildTypes (53 bytes)

Stack: [0x000000c1dac00000,0x000000c1dad00000]
Native frames: (J=compiled Java code, j=interpreted, Vv=VM code, C=native code)
V  [jvm.dll+0x6d7e19]
V  [jvm.dll+0x8b5096]
V  [jvm.dll+0x8b764e]
V  [jvm.dll+0x8b7d33]
V  [jvm.dll+0x284596]
V  [jvm.dll+0xc685d]
V  [jvm.dll+0xc6da1]
V  [jvm.dll+0x2fb4ee]
V  [jvm.dll+0x5fe9a4]
V  [jvm.dll+0x255d67]
V  [jvm.dll+0x24e2ca]
V  [jvm.dll+0x24bbe6]
V  [jvm.dll+0x1cb4ae]
V  [jvm.dll+0x25baad]
V  [jvm.dll+0x25a03a]
V  [jvm.dll+0x3f868e]
V  [jvm.dll+0x85fb0d]
V  [jvm.dll+0x6d664d]
C  [ucrtbase.dll+0x2cd30]
C  [KERNEL32.DLL+0x2ccb7]
C  [ntdll.dll+0xaad6c]


---------------  P R O C E S S  ---------------

Threads class SMR info:
_java_thread_list=0x00000270fc625ee0, length=87, elements={
0x000002709bcb5150, 0x000002709bd6e8d0, 0x000002709bc4afb0, 0x000002709bc4db70,
0x000002709bc4ec20, 0x000002709bc54c90, 0x00000270f4b2cf60, 0x000002709bc5e130,
0x00000270f4b2f280, 0x00000270f4dc5930, 0x00000270f64ed380, 0x00000270fb14efa0,
0x00000270fb3a6c30, 0x00000270fb19b2d0, 0x00000270fb114980, 0x00000270fb83eff0,
0x00000270f4c757a0, 0x00000270fb9732c0, 0x00000270fb657c60, 0x00000270fb655b90,
0x00000270fb656f40, 0x00000270fb659010, 0x00000270febb26c0, 0x00000270febb2d50,
0x00000270febb4e20, 0x00000270febb54b0, 0x00000270febb2030, 0x00000270febb5b40,
0x00000270febb61d0, 0x00000270febb4790, 0x00000270febb6860, 0x00000270febb3a70,
0x00000270febb33e0, 0x00000270febb6ef0, 0x00000270febb7580, 0x00000270febb4100,
0x00000270febb7c10, 0x00000270febb82a0, 0x00000270febb8930, 0x00000270febb8fc0,
0x00000270f66323e0, 0x00000270f66309a0, 0x00000270f6633100, 0x00000270f6631030,
0x00000270f66344b0, 0x00000270f6634b40, 0x00000270f66351d0, 0x00000270f6636c10,
0x00000270fdaa07b0, 0x00000270fdaa21f0, 0x00000270f6631d50, 0x00000270f6632a70,
0x00000270f6633e20, 0x00000270f6635860, 0x00000270f6635ef0, 0x00000270f6636580,
0x00000270f66372a0, 0x00000270f6637fc0, 0x00000270f6637930, 0x00000270fdaa14d0,
0x00000270fcdd10c0, 0x00000270fcdd58f0, 0x00000270fcdd5260, 0x00000270fcdd79c0,
0x00000270fdaa1b60, 0x00000270fcdd2b00, 0x00000270fcdd4540, 0x00000270fb6568b0,
0x00000270fb656220, 0x00000270f66316c0, 0x00000270fe26b4f0, 0x00000270fe26c8a0,
0x00000270fe26e2e0, 0x00000270fe26c210, 0x00000270fe26cf30, 0x00000270fe26e970,
0x00000270fe26bb80, 0x00000270fe2710d0, 0x00000270fe2703b0, 0x00000270fe26f690,
0x00000270fe26fd20, 0x00000270fe26d5c0, 0x00000270fe272b10, 0x00000270fdaa35a0,
0x00000270fdaa70b0, 0x00000270fef2ff50, 0x0000027081104bc0
}

Java Threads: ( => current thread )
  0x000002709bcb5150 JavaThread "main"                              [_thread_blocked, id=31668, stack(0x000000c1da200000,0x000000c1da300000) (1024K)]
  0x000002709bd6e8d0 JavaThread "Reference Handler"          daemon [_thread_blocked, id=4448, stack(0x000000c1da600000,0x000000c1da700000) (1024K)]
  0x000002709bc4afb0 JavaThread "Finalizer"                  daemon [_thread_blocked, id=39324, stack(0x000000c1da700000,0x000000c1da800000) (1024K)]
  0x000002709bc4db70 JavaThread "Signal Dispatcher"          daemon [_thread_blocked, id=16120, stack(0x000000c1da800000,0x000000c1da900000) (1024K)]
  0x000002709bc4ec20 JavaThread "Attach Listener"            daemon [_thread_in_vm, id=40992, stack(0x000000c1da900000,0x000000c1daa00000) (1024K)]
  0x000002709bc54c90 JavaThread "Service Thread"             daemon [_thread_blocked, id=21724, stack(0x000000c1daa00000,0x000000c1dab00000) (1024K)]
  0x00000270f4b2cf60 JavaThread "Monitor Deflation Thread"   daemon [_thread_blocked, id=29180, stack(0x000000c1dab00000,0x000000c1dac00000) (1024K)]
=>0x000002709bc5e130 JavaThread "C2 CompilerThread0"         daemon [_thread_in_native, id=5348, stack(0x000000c1dac00000,0x000000c1dad00000) (1024K)]
  0x00000270f4b2f280 JavaThread "C1 CompilerThread0"         daemon [_thread_blocked, id=34328, stack(0x000000c1dad00000,0x000000c1dae00000) (1024K)]
  0x00000270f4dc5930 JavaThread "Common-Cleaner"             daemon [_thread_blocked, id=10952, stack(0x000000c1db200000,0x000000c1db300000) (1024K)]
  0x00000270f64ed380 JavaThread "Notification Thread"        daemon [_thread_blocked, id=43728, stack(0x000000c1db400000,0x000000c1db500000) (1024K)]
  0x00000270fb14efa0 JavaThread "Active Thread: Equinox Container: d2f91056-3102-4196-a6f1-b41843c38e36"        [_thread_blocked, id=23852, stack(0x000000c1dbc00000,0x000000c1dbd00000) (1024K)]
  0x00000270fb3a6c30 JavaThread "Refresh Thread: Equinox Container: d2f91056-3102-4196-a6f1-b41843c38e36" daemon [_thread_blocked, id=21064, stack(0x000000c1dbe00000,0x000000c1dbf00000) (1024K)]
  0x00000270fb19b2d0 JavaThread "Framework Event Dispatcher: Equinox Container: d2f91056-3102-4196-a6f1-b41843c38e36" daemon [_thread_blocked, id=17956, stack(0x000000c1dbf00000,0x000000c1dc000000) (1024K)]
  0x00000270fb114980 JavaThread "Start Level: Equinox Container: d2f91056-3102-4196-a6f1-b41843c38e36" daemon [_thread_blocked, id=25260, stack(0x000000c1dc000000,0x000000c1dc100000) (1024K)]
  0x00000270fb83eff0 JavaThread "Bundle File Closer"         daemon [_thread_blocked, id=43676, stack(0x000000c1dc400000,0x000000c1dc500000) (1024K)]
  0x00000270f4c757a0 JavaThread "SCR Component Actor"        daemon [_thread_blocked, id=18012, stack(0x000000c1db000000,0x000000c1db100000) (1024K)]
  0x00000270fb9732c0 JavaThread "Worker-JM"                         [_thread_blocked, id=41672, stack(0x000000c1dc600000,0x000000c1dc700000) (1024K)]
  0x00000270fb657c60 JavaThread "JNA Cleaner"                daemon [_thread_blocked, id=6172, stack(0x000000c1dc500000,0x000000c1dc600000) (1024K)]
  0x00000270fb655b90 JavaThread "Java indexing"              daemon [_thread_blocked, id=35304, stack(0x000000c1db500000,0x000000c1db600000) (1024K)]
  0x00000270fb656f40 JavaThread "Thread-1"                   daemon [_thread_in_native, id=42416, stack(0x000000c1dd200000,0x000000c1dd300000) (1024K)]
  0x00000270fb659010 JavaThread "Thread-2"                   daemon [_thread_in_native, id=42004, stack(0x000000c1dd300000,0x000000c1dd400000) (1024K)]
  0x00000270febb26c0 JavaThread "Thread-3"                   daemon [_thread_in_native, id=41300, stack(0x000000c1dd400000,0x000000c1dd500000) (1024K)]
  0x00000270febb2d50 JavaThread "Thread-4"                   daemon [_thread_in_native, id=34056, stack(0x000000c1dd500000,0x000000c1dd600000) (1024K)]
  0x00000270febb4e20 JavaThread "Thread-5"                   daemon [_thread_in_native, id=15980, stack(0x000000c1dd600000,0x000000c1dd700000) (1024K)]
  0x00000270febb54b0 JavaThread "Thread-6"                   daemon [_thread_in_native, id=37312, stack(0x000000c1dd700000,0x000000c1dd800000) (1024K)]
  0x00000270febb2030 JavaThread "Thread-7"                   daemon [_thread_in_native, id=43768, stack(0x000000c1dd800000,0x000000c1dd900000) (1024K)]
  0x00000270febb5b40 JavaThread "Thread-8"                   daemon [_thread_in_native, id=26012, stack(0x000000c1dd900000,0x000000c1dda00000) (1024K)]
  0x00000270febb61d0 JavaThread "Thread-9"                   daemon [_thread_in_native, id=45184, stack(0x000000c1dda00000,0x000000c1ddb00000) (1024K)]
  0x00000270febb4790 JavaThread "Thread-10"                  daemon [_thread_in_native, id=12552, stack(0x000000c1ddb00000,0x000000c1ddc00000) (1024K)]
  0x00000270febb6860 JavaThread "Thread-11"                  daemon [_thread_in_native, id=14036, stack(0x000000c1ddc00000,0x000000c1ddd00000) (1024K)]
  0x00000270febb3a70 JavaThread "Thread-12"                  daemon [_thread_in_native, id=37816, stack(0x000000c1ddd00000,0x000000c1dde00000) (1024K)]
  0x00000270febb33e0 JavaThread "Thread-13"                  daemon [_thread_in_native, id=21200, stack(0x000000c1dde00000,0x000000c1ddf00000) (1024K)]
  0x00000270febb6ef0 JavaThread "Thread-14"                  daemon [_thread_in_native, id=43368, stack(0x000000c1ddf00000,0x000000c1de000000) (1024K)]
  0x00000270febb7580 JavaThread "Thread-15"                  daemon [_thread_in_native, id=37564, stack(0x000000c1de000000,0x000000c1de100000) (1024K)]
  0x00000270febb4100 JavaThread "Thread-16"                  daemon [_thread_in_native, id=18608, stack(0x000000c1de100000,0x000000c1de200000) (1024K)]
  0x00000270febb7c10 JavaThread "Thread-17"                  daemon [_thread_in_native, id=37236, stack(0x000000c1de200000,0x000000c1de300000) (1024K)]
  0x00000270febb82a0 JavaThread "pool-2-thread-1"                   [_thread_blocked, id=11400, stack(0x000000c1de300000,0x000000c1de400000) (1024K)]
  0x00000270febb8930 JavaThread "WorkspaceEventsHandler"            [_thread_blocked, id=22772, stack(0x000000c1de600000,0x000000c1de700000) (1024K)]
  0x00000270febb8fc0 JavaThread "pool-1-thread-1"                   [_thread_blocked, id=9888, stack(0x000000c1de700000,0x000000c1de800000) (1024K)]
  0x00000270f66323e0 JavaThread "PatternSearchJob-worker-1"  daemon [_thread_blocked, id=33784, stack(0x000000c1dea00000,0x000000c1deb00000) (1024K)]
  0x00000270f66309a0 JavaThread "PatternSearchJob-worker-3"  daemon [_thread_blocked, id=19592, stack(0x000000c1dec00000,0x000000c1ded00000) (1024K)]
  0x00000270f6633100 JavaThread "PatternSearchJob-worker-4"  daemon [_thread_blocked, id=41856, stack(0x000000c1ded00000,0x000000c1dee00000) (1024K)]
  0x00000270f6631030 JavaThread "PatternSearchJob-worker-5"  daemon [_thread_blocked, id=36324, stack(0x000000c1dee00000,0x000000c1def00000) (1024K)]
  0x00000270f66344b0 JavaThread "PatternSearchJob-worker-8"  daemon [_thread_blocked, id=43700, stack(0x000000c1df100000,0x000000c1df200000) (1024K)]
  0x00000270f6634b40 JavaThread "PatternSearchJob-worker-9"  daemon [_thread_blocked, id=42068, stack(0x000000c1df200000,0x000000c1df300000) (1024K)]
  0x00000270f66351d0 JavaThread "PatternSearchJob-worker-11" daemon [_thread_blocked, id=43064, stack(0x000000c1df400000,0x000000c1df500000) (1024K)]
  0x00000270f6636c10 JavaThread "PatternSearchJob-worker-13" daemon [_thread_blocked, id=18480, stack(0x000000c1df600000,0x000000c1df700000) (1024K)]
  0x00000270fdaa07b0 JavaThread "Cleaner-0"                  daemon [_thread_blocked, id=23092, stack(0x000000c1dfd00000,0x000000c1dfe00000) (1024K)]
  0x00000270fdaa21f0 JavaThread "ForkJoinPool.commonPool-worker-9" daemon [_thread_blocked, id=29420, stack(0x000000c1da000000,0x000000c1da100000) (1024K)]
  0x00000270f6631d50 JavaThread "ForkJoinPool.commonPool-worker-10" daemon [_thread_blocked, id=43296, stack(0x000000c1db100000,0x000000c1db200000) (1024K)]
  0x00000270f6632a70 JavaThread "ForkJoinPool.commonPool-worker-12" daemon [_thread_blocked, id=23320, stack(0x000000c1dc900000,0x000000c1dca00000) (1024K)]
  0x00000270f6633e20 JavaThread "PatternSearchJob-worker-15" daemon [_thread_blocked, id=43136, stack(0x000000c1dae00000,0x000000c1daf00000) (1024K)]
  0x00000270f6635860 JavaThread "PatternSearchJob-worker-17" daemon [_thread_blocked, id=34912, stack(0x000000c1dcc00000,0x000000c1dcd00000) (1024K)]
  0x00000270f6635ef0 JavaThread "PatternSearchJob-worker-19" daemon [_thread_blocked, id=31124, stack(0x000000c1dcf00000,0x000000c1dd000000) (1024K)]
  0x00000270f6636580 JavaThread "PatternSearchJob-worker-18" daemon [_thread_blocked, id=44496, stack(0x000000c1dd000000,0x000000c1dd100000) (1024K)]
  0x00000270f66372a0 JavaThread "PatternSearchJob-worker-20" daemon [_thread_blocked, id=34612, stack(0x000000c1dd100000,0x000000c1dd200000) (1024K)]
  0x00000270f6637fc0 JavaThread "PatternSearchJob-worker-21" daemon [_thread_blocked, id=34596, stack(0x000000c1de400000,0x000000c1de500000) (1024K)]
  0x00000270f6637930 JavaThread "ForkJoinPool.commonPool-worker-15" daemon [_thread_blocked, id=10508, stack(0x000000c1db300000,0x000000c1db400000) (1024K)]
  0x00000270fdaa14d0 JavaThread "ForkJoinPool.commonPool-worker-16" daemon [_thread_blocked, id=43392, stack(0x000000c1dcb00000,0x000000c1dcc00000) (1024K)]
  0x00000270fcdd10c0 JavaThread "Compiler Source File Reader" daemon [_thread_blocked, id=43992, stack(0x000000c1df000000,0x000000c1df100000) (1024K)]
  0x00000270fcdd58f0 JavaThread "Compiler Source File Reader" daemon [_thread_blocked, id=1648, stack(0x000000c1df500000,0x000000c1df600000) (1024K)]
  0x00000270fcdd5260 JavaThread "Compiler Source File Reader" daemon [_thread_blocked, id=21968, stack(0x000000c1def00000,0x000000c1df000000) (1024K)]
  0x00000270fcdd79c0 JavaThread "Compiler Source File Reader" daemon [_thread_blocked, id=36792, stack(0x000000c1dfa00000,0x000000c1dfb00000) (1024K)]
  0x00000270fdaa1b60 JavaThread "Compiler Source File Reader" daemon [_thread_blocked, id=19428, stack(0x000000c1deb00000,0x000000c1dec00000) (1024K)]
  0x00000270fcdd2b00 JavaThread "Compiler Source File Reader" daemon [_thread_blocked, id=25288, stack(0x000000c1dce00000,0x000000c1dcf00000) (1024K)]
  0x00000270fcdd4540 JavaThread "Worker-26"                         [_thread_blocked, id=22664, stack(0x000000c1de900000,0x000000c1dea00000) (1024K)]
  0x00000270fb6568b0 JavaThread "ForkJoinPool.commonPool-worker-17" daemon [_thread_blocked, id=9232, stack(0x000000c1df300000,0x000000c1df400000) (1024K)]
  0x00000270fb656220 JavaThread "Compiler Source File Reader" daemon [_thread_blocked, id=44012, stack(0x000000c1dcd00000,0x000000c1dce00000) (1024K)]
  0x00000270f66316c0 JavaThread "Worker-27"                         [_thread_blocked, id=7872, stack(0x000000c1df700000,0x000000c1df800000) (1024K)]
  0x00000270fe26b4f0 JavaThread "Compiler Source File Reader" daemon [_thread_blocked, id=37508, stack(0x000000c1df800000,0x000000c1df900000) (1024K)]
  0x00000270fe26c8a0 JavaThread "Compiler Source File Reader" daemon [_thread_blocked, id=5964, stack(0x000000c1dfc00000,0x000000c1dfd00000) (1024K)]
  0x00000270fe26e2e0 JavaThread "Compiler Source File Reader" daemon [_thread_blocked, id=40972, stack(0x000000c1e0000000,0x000000c1e0100000) (1024K)]
  0x00000270fe26c210 JavaThread "Compiler Source File Reader" daemon [_thread_blocked, id=16516, stack(0x000000c1dff00000,0x000000c1e0000000) (1024K)]
  0x00000270fe26cf30 JavaThread "Compiler Source File Reader" daemon [_thread_blocked, id=16400, stack(0x000000c1e0100000,0x000000c1e0200000) (1024K)]
  0x00000270fe26e970 JavaThread "PatternSearchJob-worker-22" daemon [_thread_blocked, id=45284, stack(0x000000c1e0300000,0x000000c1e0400000) (1024K)]
  0x00000270fe26bb80 JavaThread "ForkJoinPool.commonPool-worker-19" daemon [_thread_blocked, id=28812, stack(0x000000c1e0500000,0x000000c1e0600000) (1024K)]
  0x00000270fe2710d0 JavaThread "Compiler Source File Reader" daemon [_thread_blocked, id=23108, stack(0x000000c1e0600000,0x000000c1e0700000) (1024K)]
  0x00000270fe2703b0 JavaThread "Compiler Source File Reader" daemon [_thread_blocked, id=40840, stack(0x000000c1e0700000,0x000000c1e0800000) (1024K)]
  0x00000270fe26f690 JavaThread "Worker-28"                         [_thread_blocked, id=14892, stack(0x000000c1d9f00000,0x000000c1da000000) (1024K)]
  0x00000270fe26fd20 JavaThread "Worker-29"                         [_thread_blocked, id=18468, stack(0x000000c1da100000,0x000000c1da200000) (1024K)]
  0x00000270fe26d5c0 JavaThread "Compiler Processing Task"   daemon [_thread_blocked, id=42552, stack(0x000000c1daf00000,0x000000c1db000000) (1024K)]
  0x00000270fe272b10 JavaThread "Worker-30"                         [_thread_blocked, id=28076, stack(0x000000c1dca00000,0x000000c1dcb00000) (1024K)]
  0x00000270fdaa35a0 JavaThread "Worker-31"                         [_thread_blocked, id=35112, stack(0x000000c1de500000,0x000000c1de600000) (1024K)]
  0x00000270fdaa70b0 JavaThread "Worker-32"                         [_thread_blocked, id=4732, stack(0x000000c1df900000,0x000000c1dfa00000) (1024K)]
  0x00000270fef2ff50 JavaThread "C1 CompilerThread1"         daemon [_thread_blocked, id=41248, stack(0x000000c1dfe00000,0x000000c1dff00000) (1024K)]
  0x0000027081104bc0 JavaThread "C2 CompilerThread1"         daemon [_thread_in_native, id=40252, stack(0x000000c1de800000,0x000000c1de900000) (1024K)]
Total: 87

Other Threads:
  0x000002709bc44930 VMThread "VM Thread"                           [id=29224, stack(0x000000c1da500000,0x000000c1da600000) (1024K)]
  0x000002709bb3ca00 WatcherThread "VM Periodic Task Thread"        [id=1624, stack(0x000000c1da400000,0x000000c1da500000) (1024K)]
  0x000002709bcd3310 WorkerThread "GC Thread#0"                     [id=26172, stack(0x000000c1da300000,0x000000c1da400000) (1024K)]
  0x00000270fb295790 WorkerThread "GC Thread#1"                     [id=37424, stack(0x000000c1db600000,0x000000c1db700000) (1024K)]
  0x00000270fb295110 WorkerThread "GC Thread#2"                     [id=36880, stack(0x000000c1db700000,0x000000c1db800000) (1024K)]
  0x00000270f6965070 WorkerThread "GC Thread#3"                     [id=4700, stack(0x000000c1db800000,0x000000c1db900000) (1024K)]
  0x00000270fb1a9d00 WorkerThread "GC Thread#4"                     [id=44156, stack(0x000000c1db900000,0x000000c1dba00000) (1024K)]
  0x00000270f67fb260 WorkerThread "GC Thread#5"                     [id=19020, stack(0x000000c1dba00000,0x000000c1dbb00000) (1024K)]
  0x00000270f67fba20 WorkerThread "GC Thread#6"                     [id=18740, stack(0x000000c1dbb00000,0x000000c1dbc00000) (1024K)]
  0x00000270f6922e80 WorkerThread "GC Thread#7"                     [id=41432, stack(0x000000c1dbd00000,0x000000c1dbe00000) (1024K)]
  0x00000270fb71c820 WorkerThread "GC Thread#8"                     [id=2460, stack(0x000000c1dc100000,0x000000c1dc200000) (1024K)]
  0x00000270fb816870 WorkerThread "GC Thread#9"                     [id=45820, stack(0x000000c1dc200000,0x000000c1dc300000) (1024K)]
  0x00000270fb816c20 WorkerThread "GC Thread#10"                    [id=37288, stack(0x000000c1dc300000,0x000000c1dc400000) (1024K)]
  0x00000270fb7e67e0 WorkerThread "GC Thread#11"                    [id=35468, stack(0x000000c1dc700000,0x000000c1dc800000) (1024K)]
  0x00000270fb7e7a50 WorkerThread "GC Thread#12"                    [id=14764, stack(0x000000c1dc800000,0x000000c1dc900000) (1024K)]
Total: 15

Threads with active compile tasks:
C2 CompilerThread0  2489084 23333       4       lombok.eclipse.EclipseAST::buildTypes (53 bytes)
C2 CompilerThread1  2489085 23366       4       org.eclipse.jdt.core.dom.ASTConverter::convert (774 bytes)
Total: 2

VM state: not at safepoint (normal execution)

VM Mutex/Monitor currently owned by a thread: None

Heap address: 0x0000000080000000, size: 2048 MB, Compressed Oops mode: 32-bit

CDS archive(s) mapped at: [0x00000270b3000000-0x00000270b3ba0000-0x00000270b3ba0000), size 12189696, SharedBaseAddress: 0x00000270b3000000, ArchiveRelocationMode: 1.
Compressed class space mapped at: 0x00000270b4000000-0x00000270f4000000, reserved size: 1073741824
Narrow klass base: 0x00000270b3000000, Narrow klass shift: 0, Narrow klass range: 0x100000000

GC Precious Log:
 CardTable entry size: 512
 CPUs: 16 total, 16 available
 Memory: 15628M
 Large Page Support: Disabled
 NUMA Support: Disabled
 Compressed Oops: Enabled (32-bit)
 Alignments: Space 512K, Generation 512K, Heap 2M
 Heap Min Capacity: 100M
 Heap Initial Capacity: 100M
 Heap Max Capacity: 2G
 Pre-touch: Disabled
 Parallel Workers: 13

Heap:
 PSYoungGen      total 5632K, used 2520K [0x00000000d5580000, 0x00000000d5d80000, 0x0000000100000000)
  eden space 5120K, 39% used [0x00000000d5580000,0x00000000d5776070,0x00000000d5a80000)
  from space 512K, 100% used [0x00000000d5a80000,0x00000000d5b00000,0x00000000d5b00000)
  to   space 1024K, 0% used [0x00000000d5c80000,0x00000000d5c80000,0x00000000d5d80000)
 ParOldGen       total 990208K, used 990100K [0x0000000080000000, 0x00000000bc700000, 0x00000000d5580000)
  object space 990208K, 99% used [0x0000000080000000,0x00000000bc6e5068,0x00000000bc700000)
 Metaspace       used 82807K, committed 84544K, reserved 1179648K
  class space    used 8156K, committed 8960K, reserved 1048576K

Card table byte_map: [0x000002709b650000,0x000002709ba60000] _byte_map_base: 0x000002709b250000

Marking Bits: (ParMarkBitMap*) 0x00007ffd420d4460
 Begin Bits: [0x00000270ae160000, 0x00000270b0160000)
 End Bits:   [0x00000270b0160000, 0x00000270b2160000)

Polling page: 0x0000027099c20000

Metaspace:

Usage:
  Non-class:     72.90 MB used.
      Class:      7.97 MB used.
       Both:     80.87 MB used.

Virtual space:
  Non-class space:      128.00 MB reserved,      73.81 MB ( 58%) committed,  2 nodes.
      Class space:        1.00 GB reserved,       8.75 MB ( <1%) committed,  1 nodes.
             Both:        1.12 GB reserved,      82.56 MB (  7%) committed. 

Chunk freelists:
   Non-Class:  6.10 MB
       Class:  7.31 MB
        Both:  13.41 MB

MaxMetaspaceSize: unlimited
CompressedClassSpaceSize: 1.00 GB
Initial GC threshold: 21.00 MB
Current GC threshold: 136.50 MB
CDS: on
 - commit_granule_bytes: 65536.
 - commit_granule_words: 8192.
 - virtual_space_node_default_size: 8388608.
 - enlarge_chunks_in_place: 1.
 - use_allocation_guard: 0.


Internal statistics:

num_allocs_failed_limit: 11.
num_arena_births: 1862.
num_arena_deaths: 496.
num_vsnodes_births: 3.
num_vsnodes_deaths: 0.
num_space_committed: 1321.
num_space_uncommitted: 0.
num_chunks_returned_to_freelist: 616.
num_chunks_taken_from_freelist: 6541.
num_chunk_merges: 172.
num_chunk_splits: 3648.
num_chunks_enlarged: 1847.
num_inconsistent_stats: 0.

CodeHeap 'non-profiled nmethods': size=119168Kb used=20108Kb max_used=20108Kb free=99059Kb
 bounds [0x00000270a6a50000, 0x00000270a7e00000, 0x00000270adeb0000]
CodeHeap 'profiled nmethods': size=119104Kb used=43993Kb max_used=43993Kb free=75111Kb
 bounds [0x000002709eeb0000, 0x00000270a19b0000, 0x00000270a6300000]
CodeHeap 'non-nmethods': size=7488Kb used=2050Kb max_used=3274Kb free=5437Kb
 bounds [0x00000270a6300000, 0x00000270a6640000, 0x00000270a6a50000]
CodeCache: size=245760Kb, used=66151Kb, max_used=67375Kb, free=179607Kb
 total_blobs=19226, nmethods=18423, adapters=706, full_count=0
Compilation: enabled, stopped_count=0, restarted_count=0

Compilation events (20 events):
Event: 2488.948 Thread 0x0000027081104bc0 23336       4       org.eclipse.jdt.core.compiler.CharOperation::toCharArrays (48 bytes)
Event: 2488.955 Thread 0x00000270fef2ff50 23357       3       org.eclipse.jdt.internal.core.search.matching.MatchLocator::findIndexMatches (14 bytes)
Event: 2488.956 Thread 0x00000270fef2ff50 nmethod 23357 0x00000270a19a0a10 code [0x00000270a19a0bc0, 0x00000270a19a0d80]
Event: 2488.959 Thread 0x0000027081104bc0 nmethod 23336 0x00000270a7def890 code [0x00000270a7defa80, 0x00000270a7df02e8]
Event: 2488.962 Thread 0x0000027081104bc0 23344       4       java.util.stream.Collectors$$Lambda/0x00000270b4378670::get (8 bytes)
Event: 2488.963 Thread 0x0000027081104bc0 nmethod 23344 0x00000270a7df0790 code [0x00000270a7df0920, 0x00000270a7df0a18]
Event: 2488.963 Thread 0x0000027081104bc0 23353       4       java.util.concurrent.ConcurrentHashMap$BaseIterator::<init> (21 bytes)
Event: 2488.968 Thread 0x0000027081104bc0 nmethod 23353 0x00000270a7df0b10 code [0x00000270a7df0ca0, 0x00000270a7df0ec0]
Event: 2488.968 Thread 0x0000027081104bc0 23354       4       java.util.concurrent.ConcurrentHashMap$Traverser::<init> (36 bytes)
Event: 2488.969 Thread 0x0000027081104bc0 nmethod 23354 0x00000270a7df1090 code [0x00000270a7df1220, 0x00000270a7df12d8]
Event: 2488.991 Thread 0x00000270f4b2f280 23358       3       org.eclipse.jdt.internal.compiler.SourceElementNotifier::getInterfaceNames (117 bytes)
Event: 2488.992 Thread 0x0000027081104bc0 23359       4       org.eclipse.jdt.core.compiler.CharOperation::fragmentEquals (89 bytes)
Event: 2488.992 Thread 0x00000270f4b2f280 nmethod 23358 0x00000270a19a0e90 code [0x00000270a19a10a0, 0x00000270a19a19b0]
Event: 2488.996 Thread 0x0000027081104bc0 nmethod 23359 0x00000270a7df1390 code [0x00000270a7df1520, 0x00000270a7df1740]
Event: 2489.013 Thread 0x00000270f4b2f280 23360       3       java.lang.Double::isInfinite (17 bytes)
Event: 2489.013 Thread 0x00000270fef2ff50 23361       3       org.eclipse.jdt.internal.compiler.parser.Scanner::resetTo (122 bytes)
Event: 2489.013 Thread 0x00000270f4b2f280 nmethod 23360 0x00000270a19a1c90 code [0x00000270a19a1e60, 0x00000270a19a1fe8]
Event: 2489.013 Thread 0x00000270fef2ff50 nmethod 23361 0x00000270a19a2090 code [0x00000270a19a2260, 0x00000270a19a2590]
Event: 2489.017 Thread 0x00000270fef2ff50 23362       3       java.lang.invoke.VarHandleReferences$FieldInstanceReadWrite::setRelease (35 bytes)
Event: 2489.017 Thread 0x00000270fef2ff50 nmethod 23362 0x00000270a19a2690 code [0x00000270a19a28e0, 0x00000270a19a30c0]

GC Heap History (20 events):
Event: 2488.891 GC heap before
{Heap before GC invocations=1720 (full 7):
 PSYoungGen      total 3584K, used 3357K [0x00000000d5580000, 0x00000000d5b00000, 0x0000000100000000)
  eden space 2560K, 100% used [0x00000000d5580000,0x00000000d5800000,0x00000000d5800000)
  from space 1024K, 77% used [0x00000000d5800000,0x00000000d58c7598,0x00000000d5900000)
  to   space 1536K, 0% used [0x00000000d5980000,0x00000000d5980000,0x00000000d5b00000)
 ParOldGen       total 952320K, used 951871K [0x0000000080000000, 0x00000000ba200000, 0x00000000d5580000)
  object space 952320K, 99% used [0x0000000080000000,0x00000000ba18fcf0,0x00000000ba200000)
 Metaspace       used 82791K, committed 84544K, reserved 1179648K
  class space    used 8156K, committed 8960K, reserved 1048576K
}
Event: 2488.893 GC heap after
{Heap after GC invocations=1720 (full 7):
 PSYoungGen      total 3584K, used 576K [0x00000000d5580000, 0x00000000d5a80000, 0x0000000100000000)
  eden space 2560K, 0% used [0x00000000d5580000,0x00000000d5580000,0x00000000d5800000)
  from space 1024K, 56% used [0x00000000d5980000,0x00000000d5a10000,0x00000000d5a80000)
  to   space 1024K, 0% used [0x00000000d5800000,0x00000000d5800000,0x00000000d5900000)
 ParOldGen       total 952832K, used 952456K [0x0000000080000000, 0x00000000ba280000, 0x00000000d5580000)
  object space 952832K, 99% used [0x0000000080000000,0x00000000ba2221b8,0x00000000ba280000)
 Metaspace       used 82791K, committed 84544K, reserved 1179648K
  class space    used 8156K, committed 8960K, reserved 1048576K
}
Event: 2488.915 GC heap before
{Heap before GC invocations=1721 (full 7):
 PSYoungGen      total 3584K, used 3136K [0x00000000d5580000, 0x00000000d5a80000, 0x0000000100000000)
  eden space 2560K, 100% used [0x00000000d5580000,0x00000000d5800000,0x00000000d5800000)
  from space 1024K, 56% used [0x00000000d5980000,0x00000000d5a10000,0x00000000d5a80000)
  to   space 1024K, 0% used [0x00000000d5800000,0x00000000d5800000,0x00000000d5900000)
 ParOldGen       total 952832K, used 952456K [0x0000000080000000, 0x00000000ba280000, 0x00000000d5580000)
  object space 952832K, 99% used [0x0000000080000000,0x00000000ba2221b8,0x00000000ba280000)
 Metaspace       used 82802K, committed 84544K, reserved 1179648K
  class space    used 8156K, committed 8960K, reserved 1048576K
}
Event: 2488.917 GC heap after
{Heap after GC invocations=1721 (full 7):
 PSYoungGen      total 3584K, used 608K [0x00000000d5580000, 0x00000000d5a00000, 0x0000000100000000)
  eden space 2560K, 0% used [0x00000000d5580000,0x00000000d5580000,0x00000000d5800000)
  from space 1024K, 59% used [0x00000000d5800000,0x00000000d5898000,0x00000000d5900000)
  to   space 1024K, 0% used [0x00000000d5900000,0x00000000d5900000,0x00000000d5a00000)
 ParOldGen       total 953344K, used 952835K [0x0000000080000000, 0x00000000ba300000, 0x00000000d5580000)
  object space 953344K, 99% used [0x0000000080000000,0x00000000ba280c48,0x00000000ba300000)
 Metaspace       used 82802K, committed 84544K, reserved 1179648K
  class space    used 8156K, committed 8960K, reserved 1048576K
}
Event: 2488.946 GC heap before
{Heap before GC invocations=1722 (full 7):
 PSYoungGen      total 3584K, used 3167K [0x00000000d5580000, 0x00000000d5a00000, 0x0000000100000000)
  eden space 2560K, 99% used [0x00000000d5580000,0x00000000d57fffd8,0x00000000d5800000)
  from space 1024K, 59% used [0x00000000d5800000,0x00000000d5898000,0x00000000d5900000)
  to   space 1024K, 0% used [0x00000000d5900000,0x00000000d5900000,0x00000000d5a00000)
 ParOldGen       total 985088K, used 983555K [0x0000000080000000, 0x00000000bc200000, 0x00000000d5580000)
  object space 985088K, 99% used [0x0000000080000000,0x00000000bc080c78,0x00000000bc200000)
 Metaspace       used 82804K, committed 84544K, reserved 1179648K
  class space    used 8156K, committed 8960K, reserved 1048576K
}
Event: 2488.948 GC heap after
{Heap after GC invocations=1722 (full 7):
 PSYoungGen      total 3584K, used 474K [0x00000000d5580000, 0x00000000d5a00000, 0x0000000100000000)
  eden space 2560K, 0% used [0x00000000d5580000,0x00000000d5580000,0x00000000d5800000)
  from space 1024K, 46% used [0x00000000d5900000,0x00000000d5976900,0x00000000d5a00000)
  to   space 1024K, 0% used [0x00000000d5800000,0x00000000d5800000,0x00000000d5900000)
 ParOldGen       total 985088K, used 983880K [0x0000000080000000, 0x00000000bc200000, 0x00000000d5580000)
  object space 985088K, 99% used [0x0000000080000000,0x00000000bc0d2190,0x00000000bc200000)
 Metaspace       used 82804K, committed 84544K, reserved 1179648K
  class space    used 8156K, committed 8960K, reserved 1048576K
}
Event: 2488.953 GC heap before
{Heap before GC invocations=1723 (full 7):
 PSYoungGen      total 3584K, used 3034K [0x00000000d5580000, 0x00000000d5a00000, 0x0000000100000000)
  eden space 2560K, 100% used [0x00000000d5580000,0x00000000d5800000,0x00000000d5800000)
  from space 1024K, 46% used [0x00000000d5900000,0x00000000d5976900,0x00000000d5a00000)
  to   space 1024K, 0% used [0x00000000d5800000,0x00000000d5800000,0x00000000d5900000)
 ParOldGen       total 985088K, used 983880K [0x0000000080000000, 0x00000000bc200000, 0x00000000d5580000)
  object space 985088K, 99% used [0x0000000080000000,0x00000000bc0d2190,0x00000000bc200000)
 Metaspace       used 82804K, committed 84544K, reserved 1179648K
  class space    used 8156K, committed 8960K, reserved 1048576K
}
Event: 2488.955 GC heap after
{Heap after GC invocations=1723 (full 7):
 PSYoungGen      total 3584K, used 943K [0x00000000d5580000, 0x00000000d5b00000, 0x0000000100000000)
  eden space 2560K, 0% used [0x00000000d5580000,0x00000000d5580000,0x00000000d5800000)
  from space 1024K, 92% used [0x00000000d5800000,0x00000000d58ebf10,0x00000000d5900000)
  to   space 1536K, 0% used [0x00000000d5980000,0x00000000d5980000,0x00000000d5b00000)
 ParOldGen       total 985088K, used 984182K [0x0000000080000000, 0x00000000bc200000, 0x00000000d5580000)
  object space 985088K, 99% used [0x0000000080000000,0x00000000bc11d9b0,0x00000000bc200000)
 Metaspace       used 82804K, committed 84544K, reserved 1179648K
  class space    used 8156K, committed 8960K, reserved 1048576K
}
Event: 2488.956 GC heap before
{Heap before GC invocations=1724 (full 7):
 PSYoungGen      total 3584K, used 3503K [0x00000000d5580000, 0x00000000d5b00000, 0x0000000100000000)
  eden space 2560K, 99% used [0x00000000d5580000,0x00000000d57ffff8,0x00000000d5800000)
  from space 1024K, 92% used [0x00000000d5800000,0x00000000d58ebf10,0x00000000d5900000)
  to   space 1536K, 0% used [0x00000000d5980000,0x00000000d5980000,0x00000000d5b00000)
 ParOldGen       total 985088K, used 984182K [0x0000000080000000, 0x00000000bc200000, 0x00000000d5580000)
  object space 985088K, 99% used [0x0000000080000000,0x00000000bc11d9b0,0x00000000bc200000)
 Metaspace       used 82804K, committed 84544K, reserved 1179648K
  class space    used 8156K, committed 8960K, reserved 1048576K
}
Event: 2488.958 GC heap after
{Heap after GC invocations=1724 (full 7):
 PSYoungGen      total 4096K, used 986K [0x00000000d5580000, 0x00000000d5a80000, 0x0000000100000000)
  eden space 3072K, 0% used [0x00000000d5580000,0x00000000d5580000,0x00000000d5880000)
  from space 1024K, 96% used [0x00000000d5980000,0x00000000d5a76900,0x00000000d5a80000)
  to   space 1024K, 0% used [0x00000000d5880000,0x00000000d5880000,0x00000000d5980000)
 ParOldGen       total 985088K, used 984934K [0x0000000080000000, 0x00000000bc200000, 0x00000000d5580000)
  object space 985088K, 99% used [0x0000000080000000,0x00000000bc1d98c0,0x00000000bc200000)
 Metaspace       used 82804K, committed 84544K, reserved 1179648K
  class space    used 8156K, committed 8960K, reserved 1048576K
}
Event: 2488.959 GC heap before
{Heap before GC invocations=1725 (full 7):
 PSYoungGen      total 4096K, used 4058K [0x00000000d5580000, 0x00000000d5a80000, 0x0000000100000000)
  eden space 3072K, 100% used [0x00000000d5580000,0x00000000d5880000,0x00000000d5880000)
  from space 1024K, 96% used [0x00000000d5980000,0x00000000d5a76900,0x00000000d5a80000)
  to   space 1024K, 0% used [0x00000000d5880000,0x00000000d5880000,0x00000000d5980000)
 ParOldGen       total 985088K, used 984934K [0x0000000080000000, 0x00000000bc200000, 0x00000000d5580000)
  object space 985088K, 99% used [0x0000000080000000,0x00000000bc1d98c0,0x00000000bc200000)
 Metaspace       used 82804K, committed 84544K, reserved 1179648K
  class space    used 8156K, committed 8960K, reserved 1048576K
}
Event: 2488.962 GC heap after
{Heap after GC invocations=1725 (full 7):
 PSYoungGen      total 4096K, used 1016K [0x00000000d5580000, 0x00000000d5d80000, 0x0000000100000000)
  eden space 3072K, 0% used [0x00000000d5580000,0x00000000d5580000,0x00000000d5880000)
  from space 1024K, 99% used [0x00000000d5880000,0x00000000d597e230,0x00000000d5980000)
  to   space 2048K, 0% used [0x00000000d5b80000,0x00000000d5b80000,0x00000000d5d80000)
 ParOldGen       total 985600K, used 985586K [0x0000000080000000, 0x00000000bc280000, 0x00000000d5580000)
  object space 985600K, 99% used [0x0000000080000000,0x00000000bc27c8e0,0x00000000bc280000)
 Metaspace       used 82804K, committed 84544K, reserved 1179648K
  class space    used 8156K, committed 8960K, reserved 1048576K
}
Event: 2488.964 GC heap before
{Heap before GC invocations=1726 (full 7):
 PSYoungGen      total 4096K, used 4088K [0x00000000d5580000, 0x00000000d5d80000, 0x0000000100000000)
  eden space 3072K, 100% used [0x00000000d5580000,0x00000000d5880000,0x00000000d5880000)
  from space 1024K, 99% used [0x00000000d5880000,0x00000000d597e230,0x00000000d5980000)
  to   space 2048K, 0% used [0x00000000d5b80000,0x00000000d5b80000,0x00000000d5d80000)
 ParOldGen       total 985600K, used 985586K [0x0000000080000000, 0x00000000bc280000, 0x00000000d5580000)
  object space 985600K, 99% used [0x0000000080000000,0x00000000bc27c8e0,0x00000000bc280000)
 Metaspace       used 82804K, committed 84544K, reserved 1179648K
  class space    used 8156K, committed 8960K, reserved 1048576K
}
Event: 2488.965 GC heap after
{Heap after GC invocations=1726 (full 7):
 PSYoungGen      total 5120K, used 864K [0x00000000d5580000, 0x00000000d5c80000, 0x0000000100000000)
  eden space 4096K, 0% used [0x00000000d5580000,0x00000000d5580000,0x00000000d5980000)
  from space 1024K, 84% used [0x00000000d5b80000,0x00000000d5c58000,0x00000000d5c80000)
  to   space 1536K, 0% used [0x00000000d5980000,0x00000000d5980000,0x00000000d5b00000)
 ParOldGen       total 986624K, used 986266K [0x0000000080000000, 0x00000000bc380000, 0x00000000d5580000)
  object space 986624K, 99% used [0x0000000080000000,0x00000000bc326b10,0x00000000bc380000)
 Metaspace       used 82804K, committed 84544K, reserved 1179648K
  class space    used 8156K, committed 8960K, reserved 1048576K
}
Event: 2488.970 GC heap before
{Heap before GC invocations=1727 (full 7):
 PSYoungGen      total 5120K, used 4960K [0x00000000d5580000, 0x00000000d5c80000, 0x0000000100000000)
  eden space 4096K, 100% used [0x00000000d5580000,0x00000000d5980000,0x00000000d5980000)
  from space 1024K, 84% used [0x00000000d5b80000,0x00000000d5c58000,0x00000000d5c80000)
  to   space 1536K, 0% used [0x00000000d5980000,0x00000000d5980000,0x00000000d5b00000)
 ParOldGen       total 986624K, used 986266K [0x0000000080000000, 0x00000000bc380000, 0x00000000d5580000)
  object space 986624K, 99% used [0x0000000080000000,0x00000000bc326b10,0x00000000bc380000)
 Metaspace       used 82804K, committed 84544K, reserved 1179648K
  class space    used 8156K, committed 8960K, reserved 1048576K
}
Event: 2488.988 GC heap after
{Heap after GC invocations=1727 (full 7):
 PSYoungGen      total 5632K, used 1536K [0x00000000d5580000, 0x00000000d5f80000, 0x0000000100000000)
  eden space 4096K, 0% used [0x00000000d5580000,0x00000000d5580000,0x00000000d5980000)
  from space 1536K, 100% used [0x00000000d5980000,0x00000000d5b00000,0x00000000d5b00000)
  to   space 2560K, 0% used [0x00000000d5d00000,0x00000000d5d00000,0x00000000d5f80000)
 ParOldGen       total 987136K, used 986938K [0x0000000080000000, 0x00000000bc400000, 0x00000000d5580000)
  object space 987136K, 99% used [0x0000000080000000,0x00000000bc3ceb10,0x00000000bc400000)
 Metaspace       used 82804K, committed 84544K, reserved 1179648K
  class space    used 8156K, committed 8960K, reserved 1048576K
}
Event: 2489.002 GC heap before
{Heap before GC invocations=1728 (full 7):
 PSYoungGen      total 5632K, used 5632K [0x00000000d5580000, 0x00000000d5f80000, 0x0000000100000000)
  eden space 4096K, 100% used [0x00000000d5580000,0x00000000d5980000,0x00000000d5980000)
  from space 1536K, 100% used [0x00000000d5980000,0x00000000d5b00000,0x00000000d5b00000)
  to   space 2560K, 0% used [0x00000000d5d00000,0x00000000d5d00000,0x00000000d5f80000)
 ParOldGen       total 987136K, used 986938K [0x0000000080000000, 0x00000000bc400000, 0x00000000d5580000)
  object space 987136K, 99% used [0x0000000080000000,0x00000000bc3ceb10,0x00000000bc400000)
 Metaspace       used 82804K, committed 84544K, reserved 1179648K
  class space    used 8156K, committed 8960K, reserved 1048576K
}
Event: 2489.005 GC heap after
{Heap after GC invocations=1728 (full 7):
 PSYoungGen      total 7680K, used 2047K [0x00000000d5580000, 0x00000000d5f80000, 0x0000000100000000)
  eden space 5120K, 0% used [0x00000000d5580000,0x00000000d5580000,0x00000000d5a80000)
  from space 2560K, 79% used [0x00000000d5d00000,0x00000000d5efffc8,0x00000000d5f80000)
  to   space 2560K, 0% used [0x00000000d5a80000,0x00000000d5a80000,0x00000000d5d00000)
 ParOldGen       total 988672K, used 988378K [0x0000000080000000, 0x00000000bc580000, 0x00000000d5580000)
  object space 988672K, 99% used [0x0000000080000000,0x00000000bc536b10,0x00000000bc580000)
 Metaspace       used 82804K, committed 84544K, reserved 1179648K
  class space    used 8156K, committed 8960K, reserved 1048576K
}
Event: 2489.014 GC heap before
{Heap before GC invocations=1729 (full 7):
 PSYoungGen      total 7680K, used 7167K [0x00000000d5580000, 0x00000000d5f80000, 0x0000000100000000)
  eden space 5120K, 99% used [0x00000000d5580000,0x00000000d5a7ffc8,0x00000000d5a80000)
  from space 2560K, 79% used [0x00000000d5d00000,0x00000000d5efffc8,0x00000000d5f80000)
  to   space 2560K, 0% used [0x00000000d5a80000,0x00000000d5a80000,0x00000000d5d00000)
 ParOldGen       total 988672K, used 988378K [0x0000000080000000, 0x00000000bc580000, 0x00000000d5580000)
  object space 988672K, 99% used [0x0000000080000000,0x00000000bc536b10,0x00000000bc580000)
 Metaspace       used 82804K, committed 84544K, reserved 1179648K
  class space    used 8156K, committed 8960K, reserved 1048576K
}
Event: 2489.016 GC heap after
{Heap after GC invocations=1729 (full 7):
 PSYoungGen      total 5632K, used 256K [0x00000000d5580000, 0x00000000d5d80000, 0x0000000100000000)
  eden space 5120K, 0% used [0x00000000d5580000,0x00000000d5580000,0x00000000d5a80000)
  from space 512K, 50% used [0x00000000d5a80000,0x00000000d5ac0000,0x00000000d5b00000)
  to   space 1024K, 0% used [0x00000000d5c80000,0x00000000d5c80000,0x00000000d5d80000)
 ParOldGen       total 989184K, used 989034K [0x0000000080000000, 0x00000000bc600000, 0x00000000d5580000)
  object space 989184K, 99% used [0x0000000080000000,0x00000000bc5dab10,0x00000000bc600000)
 Metaspace       used 82804K, committed 84544K, reserved 1179648K
  class space    used 8156K, committed 8960K, reserved 1048576K
}

Dll operation events (10 events):
Event: 0.011 Loaded shared library c:\Users\dhana\.vscode\extensions\redhat.java-1.55.0-win32-x64\jre\21.0.11-win32-x86_64\bin\java.dll
Event: 0.066 Loaded shared library c:\Users\dhana\.vscode\extensions\redhat.java-1.55.0-win32-x64\jre\21.0.11-win32-x86_64\bin\zip.dll
Event: 0.082 Loaded shared library C:\Users\dhana\.vscode\extensions\redhat.java-1.55.0-win32-x64\jre\21.0.11-win32-x86_64\bin\instrument.dll
Event: 0.087 Loaded shared library C:\Users\dhana\.vscode\extensions\redhat.java-1.55.0-win32-x64\jre\21.0.11-win32-x86_64\bin\net.dll
Event: 0.089 Loaded shared library C:\Users\dhana\.vscode\extensions\redhat.java-1.55.0-win32-x64\jre\21.0.11-win32-x86_64\bin\nio.dll
Event: 0.092 Loaded shared library C:\Users\dhana\.vscode\extensions\redhat.java-1.55.0-win32-x64\jre\21.0.11-win32-x86_64\bin\zip.dll
Event: 0.108 Loaded shared library C:\Users\dhana\.vscode\extensions\redhat.java-1.55.0-win32-x64\jre\21.0.11-win32-x86_64\bin\jimage.dll
Event: 0.188 Loaded shared library c:\Users\dhana\.vscode\extensions\redhat.java-1.55.0-win32-x64\jre\21.0.11-win32-x86_64\bin\verify.dll
Event: 1.450 Loaded shared library C:\Users\dhana\AppData\Roaming\Code\User\globalStorage\redhat.java\1.55.0\config_win\org.eclipse.equinox.launcher\org.eclipse.equinox.launcher.win32.win32.x86_64_1.3.100.v20260613-0559\eclipse_11924.dll
Event: 4.507 Loaded shared library C:\Users\dhana\AppData\Local\Temp\jna--357457468\jna13131664259981135252.dll

Deoptimization events (20 events):
Event: 2485.174 Thread 0x00000270fe26fd20 DEOPT PACKING pc=0x00000270a1901c22 sp=0x000000c1da1fd710
Event: 2485.174 Thread 0x00000270fe26fd20 DEOPT UNPACKING pc=0x00000270a6354242 sp=0x000000c1da1fcc20 mode 0
Event: 2485.176 Thread 0x00000270fe26fd20 DEOPT PACKING pc=0x00000270a1901c22 sp=0x000000c1da1fd480
Event: 2485.176 Thread 0x00000270fe26fd20 DEOPT UNPACKING pc=0x00000270a6354242 sp=0x000000c1da1fc990 mode 0
Event: 2487.306 Thread 0x00000270fcdd4540 Uncommon trap: trap_request=0xffffff45 fr.pc=0x00000270a7b037cc relative=0x000000000000012c
Event: 2487.306 Thread 0x00000270fcdd4540 Uncommon trap: reason=unstable_if action=reinterpret pc=0x00000270a7b037cc method=java.util.concurrent.atomic.AtomicLong.updateAndGet(Ljava/util/function/LongUnaryOperator;)J @ 32 c2
Event: 2487.306 Thread 0x00000270fcdd4540 DEOPT PACKING pc=0x00000270a7b037cc sp=0x000000c1de9fef90
Event: 2487.306 Thread 0x00000270fcdd4540 DEOPT UNPACKING pc=0x00000270a6353aa2 sp=0x000000c1de9fef28 mode 2
Event: 2487.580 Thread 0x00000270fb655b90 Uncommon trap: trap_request=0xffffff3d fr.pc=0x00000270a7ddd0e0 relative=0x0000000000000280
Event: 2487.580 Thread 0x00000270fb655b90 Uncommon trap: reason=unstable_fused_if action=reinterpret pc=0x00000270a7ddd0e0 method=org.eclipse.jdt.internal.compiler.problem.ProblemReporter.computeSeverity(I)I @ 1 c2
Event: 2487.580 Thread 0x00000270fb655b90 DEOPT PACKING pc=0x00000270a7ddd0e0 sp=0x000000c1db5feed0
Event: 2487.580 Thread 0x00000270fb655b90 DEOPT UNPACKING pc=0x00000270a6353aa2 sp=0x000000c1db5fee58 mode 2
Event: 2489.012 Thread 0x00000270febb8fc0 Uncommon trap: trap_request=0xffffff45 fr.pc=0x00000270a723e064 relative=0x00000000000001a4
Event: 2489.012 Thread 0x00000270febb8fc0 Uncommon trap: reason=unstable_if action=reinterpret pc=0x00000270a723e064 method=org.eclipse.jdt.internal.compiler.parser.Scanner.resetTo(IIZLorg/eclipse/jdt/internal/compiler/parser/Scanner$ScanContext;)V @ 33 c2
Event: 2489.012 Thread 0x00000270febb8fc0 DEOPT PACKING pc=0x00000270a723e064 sp=0x000000c1de7fe2c0
Event: 2489.012 Thread 0x00000270febb8fc0 DEOPT UNPACKING pc=0x00000270a6353aa2 sp=0x000000c1de7fe1c8 mode 2
Event: 2489.013 Thread 0x00000270febb8fc0 Uncommon trap: trap_request=0xffffff45 fr.pc=0x00000270a76d56b8 relative=0x0000000000000178
Event: 2489.013 Thread 0x00000270febb8fc0 Uncommon trap: reason=unstable_if action=reinterpret pc=0x00000270a76d56b8 method=org.eclipse.jdt.internal.compiler.parser.Scanner.resetTo(IIZLorg/eclipse/jdt/internal/compiler/parser/Scanner$ScanContext;)V @ 33 c2
Event: 2489.013 Thread 0x00000270febb8fc0 DEOPT PACKING pc=0x00000270a76d56b8 sp=0x000000c1de7fe220
Event: 2489.013 Thread 0x00000270febb8fc0 DEOPT UNPACKING pc=0x00000270a6353aa2 sp=0x000000c1de7fe1c8 mode 2

Classes loaded (20 events):
Event: 2475.142 Loading class jdk/internal/module/IllegalAccessLogger
Event: 2475.142 Loading class jdk/internal/module/IllegalAccessLogger done
Event: 2476.891 Loading class jdk/internal/module/IllegalAccessLogger
Event: 2476.891 Loading class jdk/internal/module/IllegalAccessLogger done
Event: 2478.920 Loading class jdk/internal/module/IllegalAccessLogger
Event: 2478.920 Loading class jdk/internal/module/IllegalAccessLogger done
Event: 2480.159 Loading class jdk/internal/module/IllegalAccessLogger
Event: 2480.159 Loading class jdk/internal/module/IllegalAccessLogger done
Event: 2481.370 Loading class jdk/internal/module/IllegalAccessLogger
Event: 2481.370 Loading class jdk/internal/module/IllegalAccessLogger done
Event: 2482.570 Loading class jdk/internal/module/IllegalAccessLogger
Event: 2482.570 Loading class jdk/internal/module/IllegalAccessLogger done
Event: 2483.866 Loading class jdk/internal/module/IllegalAccessLogger
Event: 2483.866 Loading class jdk/internal/module/IllegalAccessLogger done
Event: 2485.137 Loading class jdk/internal/module/IllegalAccessLogger
Event: 2485.137 Loading class jdk/internal/module/IllegalAccessLogger done
Event: 2487.511 Loading class jdk/internal/module/IllegalAccessLogger
Event: 2487.511 Loading class jdk/internal/module/IllegalAccessLogger done
Event: 2488.883 Loading class jdk/internal/module/IllegalAccessLogger
Event: 2488.883 Loading class jdk/internal/module/IllegalAccessLogger done

Classes unloaded (20 events):
Event: 2206.427 Thread 0x000002709bc44930 Unloading class 0x00000270b4016400 'java/lang/invoke/LambdaForm$MH+0x00000270b4016400'
Event: 2206.427 Thread 0x000002709bc44930 Unloading class 0x00000270b400d800 'java/lang/invoke/LambdaForm$MH+0x00000270b400d800'
Event: 2206.427 Thread 0x000002709bc44930 Unloading class 0x00000270b400d400 'java/lang/invoke/LambdaForm$MH+0x00000270b400d400'
Event: 2206.427 Thread 0x000002709bc44930 Unloading class 0x00000270b400d000 'java/lang/invoke/LambdaForm$MH+0x00000270b400d000'
Event: 2206.427 Thread 0x000002709bc44930 Unloading class 0x00000270b400cc00 'java/lang/invoke/LambdaForm$MH+0x00000270b400cc00'
Event: 2206.427 Thread 0x000002709bc44930 Unloading class 0x00000270b400c800 'java/lang/invoke/LambdaForm$BMH+0x00000270b400c800'
Event: 2206.427 Thread 0x000002709bc44930 Unloading class 0x00000270b400c000 'java/lang/invoke/LambdaForm$DMH+0x00000270b400c000'
Event: 2206.427 Thread 0x000002709bc44930 Unloading class 0x00000270b4008c00 'java/lang/invoke/LambdaForm$MH+0x00000270b4008c00'
Event: 2206.427 Thread 0x000002709bc44930 Unloading class 0x00000270b4008800 'java/lang/invoke/LambdaForm$MH+0x00000270b4008800'
Event: 2206.427 Thread 0x000002709bc44930 Unloading class 0x00000270b4008400 'java/lang/invoke/LambdaForm$MH+0x00000270b4008400'
Event: 2206.427 Thread 0x000002709bc44930 Unloading class 0x00000270b4007000 'java/lang/invoke/LambdaForm$MH+0x00000270b4007000'
Event: 2206.427 Thread 0x000002709bc44930 Unloading class 0x00000270b4006800 'java/lang/invoke/LambdaForm$MH+0x00000270b4006800'
Event: 2206.427 Thread 0x000002709bc44930 Unloading class 0x00000270b4006400 'java/lang/invoke/LambdaForm$MH+0x00000270b4006400'
Event: 2206.427 Thread 0x000002709bc44930 Unloading class 0x00000270b4006000 'java/lang/invoke/LambdaForm$MH+0x00000270b4006000'
Event: 2206.427 Thread 0x000002709bc44930 Unloading class 0x00000270b4005c00 'java/lang/invoke/LambdaForm$BMH+0x00000270b4005c00'
Event: 2206.427 Thread 0x000002709bc44930 Unloading class 0x00000270b4004800 'java/lang/invoke/LambdaForm$DMH+0x00000270b4004800'
Event: 2206.427 Thread 0x000002709bc44930 Unloading class 0x00000270b4002800 'java/lang/invoke/LambdaForm$MH+0x00000270b4002800'
Event: 2206.427 Thread 0x000002709bc44930 Unloading class 0x00000270b4002400 'java/lang/invoke/LambdaForm$MH+0x00000270b4002400'
Event: 2206.427 Thread 0x000002709bc44930 Unloading class 0x00000270b4002000 'java/lang/invoke/LambdaForm$MH+0x00000270b4002000'
Event: 2206.427 Thread 0x000002709bc44930 Unloading class 0x00000270b4001800 'java/lang/invoke/LambdaForm$MH+0x00000270b4001800'

Classes redefined (0 events):
No events

Internal exceptions (20 events):
Event: 2303.608 Thread 0x00000270febb8fc0 Exception <a 'java/lang/ArrayIndexOutOfBoundsException'{0x00000000d5618470}> (0x00000000d5618470) 
thrown [s\src\hotspot\share\runtime\sharedRuntime.cpp, line 625]
Event: 2305.090 Thread 0x00000270febb8fc0 Exception <a 'java/lang/ArrayIndexOutOfBoundsException'{0x00000000d57cd498}> (0x00000000d57cd498) 
thrown [s\src\hotspot\share\runtime\sharedRuntime.cpp, line 625]
Event: 2305.090 Thread 0x00000270febb8fc0 Exception <a 'java/lang/ArrayIndexOutOfBoundsException'{0x00000000d57cdd80}> (0x00000000d57cdd80) 
thrown [s\src\hotspot\share\runtime\sharedRuntime.cpp, line 625]
Event: 2305.090 Thread 0x00000270febb8fc0 Exception <a 'java/lang/ArrayIndexOutOfBoundsException'{0x00000000d57ce110}> (0x00000000d57ce110) 
thrown [s\src\hotspot\share\runtime\sharedRuntime.cpp, line 625]
Event: 2306.368 Thread 0x00000270febb8fc0 Exception <a 'java/lang/ArrayIndexOutOfBoundsException'{0x00000000d567bda0}> (0x00000000d567bda0) 
thrown [s\src\hotspot\share\runtime\sharedRuntime.cpp, line 625]
Event: 2306.368 Thread 0x00000270febb8fc0 Exception <a 'java/lang/ArrayIndexOutOfBoundsException'{0x00000000d567c3e0}> (0x00000000d567c3e0) 
thrown [s\src\hotspot\share\runtime\sharedRuntime.cpp, line 625]
Event: 2306.368 Thread 0x00000270febb8fc0 Exception <a 'java/lang/ArrayIndexOutOfBoundsException'{0x00000000d567c9c8}> (0x00000000d567c9c8) 
thrown [s\src\hotspot\share\runtime\sharedRuntime.cpp, line 625]
Event: 2309.169 Thread 0x00000270fb655b90 Exception <a 'sun/nio/fs/WindowsException'{0x00000000d5582560}> (0x00000000d5582560) 
thrown [s\src\hotspot\share\prims\jni.cpp, line 520]
Event: 2309.539 Thread 0x00000270fb655b90 Exception <a 'sun/nio/fs/WindowsException'{0x00000000d55c12d0}> (0x00000000d55c12d0) 
thrown [s\src\hotspot\share\prims\jni.cpp, line 520]
Event: 2456.918 Thread 0x00000270fb655b90 Exception <a 'sun/nio/fs/WindowsException'{0x00000000d5974428}> (0x00000000d5974428) 
thrown [s\src\hotspot\share\prims\jni.cpp, line 520]
Event: 2457.167 Thread 0x00000270fb655b90 Exception <a 'sun/nio/fs/WindowsException'{0x00000000d5750ce0}> (0x00000000d5750ce0) 
thrown [s\src\hotspot\share\prims\jni.cpp, line 520]
Event: 2473.654 Thread 0x00000270fb655b90 Exception <a 'sun/nio/fs/WindowsException'{0x00000000d5815bb0}> (0x00000000d5815bb0) 
thrown [s\src\hotspot\share\prims\jni.cpp, line 520]
Event: 2473.964 Thread 0x00000270fb655b90 Exception <a 'sun/nio/fs/WindowsException'{0x00000000d5703b70}> (0x00000000d5703b70) 
thrown [s\src\hotspot\share\prims\jni.cpp, line 520]
Event: 2477.209 Thread 0x00000270febb8fc0 Exception <a 'java/lang/ArrayIndexOutOfBoundsException'{0x00000000d5931b60}> (0x00000000d5931b60) 
thrown [s\src\hotspot\share\runtime\sharedRuntime.cpp, line 625]
Event: 2477.209 Thread 0x00000270febb8fc0 Exception <a 'java/lang/ArrayIndexOutOfBoundsException'{0x00000000d59323f0}> (0x00000000d59323f0) 
thrown [s\src\hotspot\share\runtime\sharedRuntime.cpp, line 625]
Event: 2477.209 Thread 0x00000270febb8fc0 Exception <a 'java/lang/ArrayIndexOutOfBoundsException'{0x00000000d5932780}> (0x00000000d5932780) 
thrown [s\src\hotspot\share\runtime\sharedRuntime.cpp, line 625]
Event: 2478.760 Thread 0x00000270fb655b90 Exception <a 'sun/nio/fs/WindowsException'{0x00000000d5757db8}> (0x00000000d5757db8) 
thrown [s\src\hotspot\share\prims\jni.cpp, line 520]
Event: 2479.037 Thread 0x00000270fb655b90 Exception <a 'sun/nio/fs/WindowsException'{0x00000000d5661898}> (0x00000000d5661898) 
thrown [s\src\hotspot\share\prims\jni.cpp, line 520]
Event: 2487.313 Thread 0x00000270fb655b90 Exception <a 'sun/nio/fs/WindowsException'{0x00000000d56f0958}> (0x00000000d56f0958) 
thrown [s\src\hotspot\share\prims\jni.cpp, line 520]
Event: 2487.508 Thread 0x00000270fb655b90 Exception <a 'sun/nio/fs/WindowsException'{0x00000000d55805a0}> (0x00000000d55805a0) 
thrown [s\src\hotspot\share\prims\jni.cpp, line 520]

ZGC Phase Switch (0 events):
No events

VM Operations (20 events):
Event: 2488.891 Executing safepoint VM operation: ParallelGCFailedAllocation (Allocation Failure)
Event: 2488.893 Executing safepoint VM operation: ParallelGCFailedAllocation (Allocation Failure) done
Event: 2488.915 Executing safepoint VM operation: ParallelGCFailedAllocation (Allocation Failure)
Event: 2488.917 Executing safepoint VM operation: ParallelGCFailedAllocation (Allocation Failure) done
Event: 2488.946 Executing safepoint VM operation: ParallelGCFailedAllocation (Allocation Failure)
Event: 2488.948 Executing safepoint VM operation: ParallelGCFailedAllocation (Allocation Failure) done
Event: 2488.953 Executing safepoint VM operation: ParallelGCFailedAllocation (Allocation Failure)
Event: 2488.955 Executing safepoint VM operation: ParallelGCFailedAllocation (Allocation Failure) done
Event: 2488.956 Executing safepoint VM operation: ParallelGCFailedAllocation (Allocation Failure)
Event: 2488.958 Executing safepoint VM operation: ParallelGCFailedAllocation (Allocation Failure) done
Event: 2488.959 Executing safepoint VM operation: ParallelGCFailedAllocation (Allocation Failure)
Event: 2488.962 Executing safepoint VM operation: ParallelGCFailedAllocation (Allocation Failure) done
Event: 2488.964 Executing safepoint VM operation: ParallelGCFailedAllocation (Allocation Failure)
Event: 2488.965 Executing safepoint VM operation: ParallelGCFailedAllocation (Allocation Failure) done
Event: 2488.970 Executing safepoint VM operation: ParallelGCFailedAllocation (Allocation Failure)
Event: 2488.988 Executing safepoint VM operation: ParallelGCFailedAllocation (Allocation Failure) done
Event: 2489.002 Executing safepoint VM operation: ParallelGCFailedAllocation (Allocation Failure)
Event: 2489.005 Executing safepoint VM operation: ParallelGCFailedAllocation (Allocation Failure) done
Event: 2489.014 Executing safepoint VM operation: ParallelGCFailedAllocation (Allocation Failure)
Event: 2489.016 Executing safepoint VM operation: ParallelGCFailedAllocation (Allocation Failure) done

Memory protections (0 events):
No events

Nmethod flushes (20 events):
Event: 2311.963 Thread 0x000002709bc44930 flushing  nmethod 0x00000270a0f31590
Event: 2311.963 Thread 0x000002709bc44930 flushing  nmethod 0x00000270a0f45210
Event: 2311.963 Thread 0x000002709bc44930 flushing  nmethod 0x00000270a0f5ea10
Event: 2311.963 Thread 0x000002709bc44930 flushing  nmethod 0x00000270a0f64a10
Event: 2311.963 Thread 0x000002709bc44930 flushing  nmethod 0x00000270a0f6ff90
Event: 2311.963 Thread 0x000002709bc44930 flushing  nmethod 0x00000270a1012290
Event: 2311.963 Thread 0x000002709bc44930 flushing  nmethod 0x00000270a10d6090
Event: 2311.963 Thread 0x000002709bc44930 flushing osr nmethod 0x00000270a114d390
Event: 2311.963 Thread 0x000002709bc44930 flushing  nmethod 0x00000270a11c3590
Event: 2311.963 Thread 0x000002709bc44930 flushing  nmethod 0x00000270a1216510
Event: 2311.963 Thread 0x000002709bc44930 flushing  nmethod 0x00000270a130f010
Event: 2311.963 Thread 0x000002709bc44930 flushing  nmethod 0x00000270a1510190
Event: 2311.963 Thread 0x000002709bc44930 flushing  nmethod 0x00000270a1595c90
Event: 2311.963 Thread 0x000002709bc44930 flushing  nmethod 0x00000270a15c2810
Event: 2311.963 Thread 0x000002709bc44930 flushing  nmethod 0x00000270a15d6990
Event: 2311.963 Thread 0x000002709bc44930 flushing  nmethod 0x00000270a1667410
Event: 2311.963 Thread 0x000002709bc44930 flushing  nmethod 0x00000270a170e590
Event: 2311.963 Thread 0x000002709bc44930 flushing  nmethod 0x00000270a170ee90
Event: 2311.963 Thread 0x000002709bc44930 flushing  nmethod 0x00000270a170fa90
Event: 2311.963 Thread 0x000002709bc44930 flushing  nmethod 0x00000270a1711510

Events (20 events):
Event: 2475.014 Thread 0x00000270f4b2f280 Thread added: 0x0000027081104bc0
Event: 2475.159 Thread 0x0000027081104bc0 Thread exited: 0x0000027081104bc0
Event: 2476.708 Thread 0x00000270f4b2f280 Thread added: 0x0000027081104bc0
Event: 2476.708 Thread 0x00000270f4b2f280 Thread added: 0x00000270811096b0
Event: 2476.932 Thread 0x00000270f4b2f280 Thread added: 0x00000270fef2ff50
Event: 2477.185 Thread 0x00000270811096b0 Thread exited: 0x00000270811096b0
Event: 2477.185 Thread 0x0000027081104bc0 Thread exited: 0x0000027081104bc0
Event: 2477.323 Thread 0x00000270f4b2f280 Thread added: 0x0000027081104bc0
Event: 2478.450 Thread 0x0000027081104bc0 Thread exited: 0x0000027081104bc0
Event: 2478.648 Thread 0x000002709bc5e130 Thread added: 0x0000027081104bc0
Event: 2480.751 Thread 0x0000027081104bc0 Thread exited: 0x0000027081104bc0
Event: 2480.765 Thread 0x00000270f4b2f280 Thread added: 0x0000027081104bc0
Event: 2481.303 Thread 0x0000027081104bc0 Thread exited: 0x0000027081104bc0
Event: 2482.819 Thread 0x00000270fef2ff50 Thread added: 0x0000027081104bc0
Event: 2483.154 Thread 0x0000027081104bc0 Thread exited: 0x0000027081104bc0
Event: 2483.297 Thread 0x00000270f4b2f280 Thread added: 0x0000027081104bc0
Event: 2483.832 Thread 0x0000027081104bc0 Thread exited: 0x0000027081104bc0
Event: 2484.203 Thread 0x00000270fef2ff50 Thread added: 0x0000027081104bc0
Event: 2484.926 Thread 0x0000027081104bc0 Thread exited: 0x0000027081104bc0
Event: 2488.946 Thread 0x00000270fef2ff50 Thread added: 0x0000027081104bc0


Dynamic libraries:
0x00007ff7b1a00000 - 0x00007ff7b1a0e000 	c:\Users\dhana\.vscode\extensions\redhat.java-1.55.0-win32-x64\jre\21.0.11-win32-x86_64\bin\java.exe
0x00007ffdc6960000 - 0x00007ffdc6bc6000 	C:\WINDOWS\SYSTEM32\ntdll.dll
0x00007ffda2860000 - 0x00007ffda2881000 	C:\Program Files\Avast Software\Avast\aswhook.dll
0x00007ffdc4bf0000 - 0x00007ffdc4cb9000 	C:\WINDOWS\System32\KERNEL32.DLL
0x00007ffdc3e40000 - 0x00007ffdc423f000 	C:\WINDOWS\System32\KERNELBASE.dll
0x00007ffdc4530000 - 0x00007ffdc467c000 	C:\WINDOWS\System32\ucrtbase.dll
0x00007ffda44d0000 - 0x00007ffda44e8000 	c:\Users\dhana\.vscode\extensions\redhat.java-1.55.0-win32-x64\jre\21.0.11-win32-x86_64\bin\jli.dll
0x00007ffd9e310000 - 0x00007ffd9e32e000 	c:\Users\dhana\.vscode\extensions\redhat.java-1.55.0-win32-x64\jre\21.0.11-win32-x86_64\bin\VCRUNTIME140.dll
0x00007ffdc6290000 - 0x00007ffdc6456000 	C:\WINDOWS\System32\USER32.dll
0x00007ffdc4440000 - 0x00007ffdc4467000 	C:\WINDOWS\System32\win32u.dll
0x00007ffda7a70000 - 0x00007ffda7d01000 	C:\WINDOWS\WinSxS\amd64_microsoft.windows.common-controls_6595b64144ccf1df_6.0.26100.8972_none_3e0da176e32f9d4b\COMCTL32.dll
0x00007ffdc50e0000 - 0x00007ffdc510b000 	C:\WINDOWS\System32\GDI32.dll
0x00007ffdc4310000 - 0x00007ffdc4439000 	C:\WINDOWS\System32\gdi32full.dll
0x00007ffdc4800000 - 0x00007ffdc48a9000 	C:\WINDOWS\System32\msvcrt.dll
0x00007ffdc3c00000 - 0x00007ffdc3ca3000 	C:\WINDOWS\System32\msvcp_win.dll
0x00007ffdc4da0000 - 0x00007ffdc4dd2000 	C:\WINDOWS\System32\IMM32.DLL
0x00007ffdb8930000 - 0x00007ffdb893c000 	c:\Users\dhana\.vscode\extensions\redhat.java-1.55.0-win32-x64\jre\21.0.11-win32-x86_64\bin\vcruntime140_1.dll
0x00007ffd97c00000 - 0x00007ffd97c8d000 	c:\Users\dhana\.vscode\extensions\redhat.java-1.55.0-win32-x64\jre\21.0.11-win32-x86_64\bin\msvcp140.dll
0x00007ffd41410000 - 0x00007ffd421b2000 	c:\Users\dhana\.vscode\extensions\redhat.java-1.55.0-win32-x64\jre\21.0.11-win32-x86_64\bin\server\jvm.dll
0x00007ffdc5fe0000 - 0x00007ffdc609c000 	C:\WINDOWS\System32\ADVAPI32.dll
0x00007ffdc48b0000 - 0x00007ffdc495a000 	C:\WINDOWS\System32\sechost.dll
0x00007ffdc5730000 - 0x00007ffdc5848000 	C:\WINDOWS\System32\RPCRT4.dll
0x00007ffdc5110000 - 0x00007ffdc5192000 	C:\WINDOWS\System32\WS2_32.dll
0x00007ffdc39d0000 - 0x00007ffdc3a2e000 	C:\WINDOWS\SYSTEM32\POWRPROF.dll
0x00007ffdb7d10000 - 0x00007ffdb7d46000 	C:\WINDOWS\SYSTEM32\WINMM.dll
0x00007ffdbc2f0000 - 0x00007ffdbc2fb000 	C:\WINDOWS\SYSTEM32\VERSION.dll
0x00007ffdc39b0000 - 0x00007ffdc39c5000 	C:\WINDOWS\SYSTEM32\UMPDC.dll
0x00007ffdc2860000 - 0x00007ffdc287b000 	C:\WINDOWS\SYSTEM32\kernel.appcore.dll
0x00007ffda7df0000 - 0x00007ffda7dfa000 	c:\Users\dhana\.vscode\extensions\redhat.java-1.55.0-win32-x64\jre\21.0.11-win32-x86_64\bin\jimage.dll
0x00007ffdc12e0000 - 0x00007ffdc1522000 	C:\WINDOWS\SYSTEM32\DBGHELP.DLL
0x00007ffdc51b0000 - 0x00007ffdc5535000 	C:\WINDOWS\System32\combase.dll
0x00007ffdc4cc0000 - 0x00007ffdc4d99000 	C:\WINDOWS\System32\OLEAUT32.dll
0x00007ffdbc480000 - 0x00007ffdbc4bb000 	C:\WINDOWS\SYSTEM32\dbgcore.DLL
0x00007ffdc4250000 - 0x00007ffdc42fc000 	C:\WINDOWS\System32\bcryptPrimitives.dll
0x00007ffda4e30000 - 0x00007ffda4e3f000 	c:\Users\dhana\.vscode\extensions\redhat.java-1.55.0-win32-x64\jre\21.0.11-win32-x86_64\bin\instrument.dll
0x00007ffd9e2f0000 - 0x00007ffd9e310000 	c:\Users\dhana\.vscode\extensions\redhat.java-1.55.0-win32-x64\jre\21.0.11-win32-x86_64\bin\java.dll
0x00007ffdc5850000 - 0x00007ffdc5fd8000 	C:\WINDOWS\System32\SHELL32.dll
0x00007ffdc15f0000 - 0x00007ffdc1e8b000 	C:\WINDOWS\SYSTEM32\windows.storage.dll
0x00007ffdc4960000 - 0x00007ffdc4a59000 	C:\WINDOWS\System32\SHCORE.dll
0x00007ffdc60b0000 - 0x00007ffdc6116000 	C:\WINDOWS\System32\shlwapi.dll
0x00007ffdc3a90000 - 0x00007ffdc3ab9000 	C:\WINDOWS\SYSTEM32\profapi.dll
0x00007ffd9de40000 - 0x00007ffd9de58000 	c:\Users\dhana\.vscode\extensions\redhat.java-1.55.0-win32-x64\jre\21.0.11-win32-x86_64\bin\zip.dll
0x00007ffda4280000 - 0x00007ffda4290000 	C:\Users\dhana\.vscode\extensions\redhat.java-1.55.0-win32-x64\jre\21.0.11-win32-x86_64\bin\net.dll
0x00007ffdbd790000 - 0x00007ffdbd8b8000 	C:\WINDOWS\SYSTEM32\WINHTTP.dll
0x00007ffdc2e10000 - 0x00007ffdc2e7c000 	C:\WINDOWS\system32\mswsock.dll
0x00007ffd9a610000 - 0x00007ffd9a626000 	C:\Users\dhana\.vscode\extensions\redhat.java-1.55.0-win32-x64\jre\21.0.11-win32-x86_64\bin\nio.dll
0x00007ffda0930000 - 0x00007ffda0940000 	c:\Users\dhana\.vscode\extensions\redhat.java-1.55.0-win32-x64\jre\21.0.11-win32-x86_64\bin\verify.dll
0x00007ffd97b60000 - 0x00007ffd97ba5000 	C:\Users\dhana\AppData\Roaming\Code\User\globalStorage\redhat.java\1.55.0\config_win\org.eclipse.equinox.launcher\org.eclipse.equinox.launcher.win32.win32.x86_64_1.3.100.v20260613-0559\eclipse_11924.dll
0x00007ffdc4f40000 - 0x00007ffdc50d9000 	C:\WINDOWS\System32\ole32.dll
0x00007ffdc3100000 - 0x00007ffdc311b000 	C:\WINDOWS\SYSTEM32\CRYPTSP.dll
0x00007ffdc27c0000 - 0x00007ffdc27f9000 	C:\WINDOWS\system32\rsaenh.dll
0x00007ffdc2ec0000 - 0x00007ffdc2ef2000 	C:\WINDOWS\SYSTEM32\USERENV.dll
0x00007ffdc3a60000 - 0x00007ffdc3a8a000 	C:\WINDOWS\SYSTEM32\bcrypt.dll
0x00007ffdc3120000 - 0x00007ffdc312c000 	C:\WINDOWS\SYSTEM32\CRYPTBASE.dll
0x00007ffdc2230000 - 0x00007ffdc2263000 	C:\WINDOWS\SYSTEM32\IPHLPAPI.DLL
0x00007ffdc5540000 - 0x00007ffdc554a000 	C:\WINDOWS\System32\NSI.dll
0x00007ffd6df30000 - 0x00007ffd6df79000 	C:\Users\dhana\AppData\Local\Temp\jna--357457468\jna13131664259981135252.dll
0x00007ffdc4e30000 - 0x00007ffdc4e38000 	C:\WINDOWS\System32\PSAPI.DLL
0x00007ffdbda80000 - 0x00007ffdbda9d000 	C:\WINDOWS\SYSTEM32\dhcpcsvc6.DLL
0x00007ffdbda50000 - 0x00007ffdbda75000 	C:\WINDOWS\SYSTEM32\dhcpcsvc.DLL

JVMTI agents:
c:\Users\dhana\.vscode\extensions\redhat.java-1.55.0-win32-x64\lombok\lombok-1.18.39-4050.jar path:c:\Users\dhana\.vscode\extensions\redhat.java-1.55.0-win32-x64\jre\21.0.11-win32-x86_64\bin\instrument.dll, loaded, initialized, instrumentlib options:none

dbghelp: loaded successfully - version: 4.0.5 - missing functions: none
symbol engine: initialized successfully - sym options: 0x614 - pdb path: .;c:\Users\dhana\.vscode\extensions\redhat.java-1.55.0-win32-x64\jre\21.0.11-win32-x86_64\bin;C:\WINDOWS\SYSTEM32;C:\Program Files\Avast Software\Avast;C:\WINDOWS\WinSxS\amd64_microsoft.windows.common-controls_6595b64144ccf1df_6.0.26100.8972_none_3e0da176e32f9d4b;c:\Users\dhana\.vscode\extensions\redhat.java-1.55.0-win32-x64\jre\21.0.11-win32-x86_64\bin\server;C:\Users\dhana\AppData\Roaming\Code\User\globalStorage\redhat.java\1.55.0\config_win\org.eclipse.equinox.launcher\org.eclipse.equinox.launcher.win32.win32.x86_64_1.3.100.v20260613-0559;C:\Users\dhana\AppData\Local\Temp\jna--357457468

VM Arguments:
jvm_args: --add-modules=ALL-SYSTEM --add-opens=java.base/java.util=ALL-UNNAMED --add-opens=java.base/java.lang=ALL-UNNAMED --add-opens=java.base/sun.nio.fs=ALL-UNNAMED -Declipse.application=org.eclipse.jdt.ls.core.id1 -Dosgi.bundles.defaultStartLevel=4 -Declipse.product=org.eclipse.jdt.ls.core.product -Djava.import.generatesMetadataFilesAtProjectRoot=false -DDetectVMInstallationsJob.disabled=true -Dfile.encoding=utf8 -XX:+UseParallelGC -XX:GCTimeRatio=4 -XX:AdaptiveSizePolicyWeight=90 -Dsun.zip.disableMemoryMapping=true -Xmx2G -Xms100m -Xlog:disable -javaagent:c:\Users\dhana\.vscode\extensions\redhat.java-1.55.0-win32-x64\lombok\lombok-1.18.39-4050.jar -XX:+HeapDumpOnOutOfMemoryError -XX:HeapDumpPath=c:\Users\dhana\AppData\Roaming\Code\User\workspaceStorage\a55c360faebba8a3ba963f47fe04c56b\redhat.java -Daether.dependencyCollector.impl=bf 
java_command: c:\Users\dhana\.vscode\extensions\redhat.java-1.55.0-win32-x64\server\plugins\org.eclipse.equinox.launcher_1.7.200.v20260619-2039.jar -configuration c:\Users\dhana\AppData\Roaming\Code\User\globalStorage\redhat.java\1.55.0\config_win -data c:\Users\dhana\AppData\Roaming\Code\User\workspaceStorage\a55c360faebba8a3ba963f47fe04c56b\redhat.java\jdt_ws --pipe=\\.\pipe\lsp-17ef435da9068ef993d9c2bd6f3b526f-sock
java_class_path (initial): c:\Users\dhana\.vscode\extensions\redhat.java-1.55.0-win32-x64\server\plugins\org.eclipse.equinox.launcher_1.7.200.v20260619-2039.jar
Launcher Type: SUN_STANDARD

[Global flags]
    uintx AdaptiveSizePolicyWeight                 = 90                                        {product} {command line}
     intx CICompilerCount                          = 12                                        {product} {ergonomic}
    uintx GCTimeRatio                              = 4                                         {product} {command line}
     bool HeapDumpOnOutOfMemoryError               = true                                   {manageable} {command line}
    ccstr HeapDumpPath                             = c:\Users\dhana\AppData\Roaming\Code\User\workspaceStorage\a55c360faebba8a3ba963f47fe04c56b\redhat.java         {manageable} {command line}
   size_t InitialHeapSize                          = 104857600                                 {product} {command line}
   size_t MaxHeapSize                              = 2147483648                                {product} {command line}
   size_t MaxNewSize                               = 715653120                                 {product} {ergonomic}
   size_t MinHeapDeltaBytes                        = 524288                                    {product} {ergonomic}
   size_t MinHeapSize                              = 104857600                                 {product} {command line}
   size_t NewSize                                  = 34603008                                  {product} {ergonomic}
    uintx NonNMethodCodeHeapSize                   = 7602480                                {pd product} {ergonomic}
    uintx NonProfiledCodeHeapSize                  = 122027880                              {pd product} {ergonomic}
   size_t OldSize                                  = 70254592                                  {product} {ergonomic}
    uintx ProfiledCodeHeapSize                     = 122027880                              {pd product} {ergonomic}
    uintx ReservedCodeCacheSize                    = 251658240                              {pd product} {ergonomic}
     bool SegmentedCodeCache                       = true                                      {product} {ergonomic}
   size_t SoftMaxHeapSize                          = 2147483648                             {manageable} {ergonomic}
     bool UseCompressedOops                        = true                           {product lp64_product} {ergonomic}
     bool UseLargePagesIndividualAllocation        = false                                  {pd product} {ergonomic}
     bool UseParallelGC                            = true                                      {product} {command line}

Logging:
Log output configuration:
 #0: stdout all=off uptime,level,tags foldmultilines=false
 #1: stderr all=off uptime,level,tags foldmultilines=false

Release file:
JAVA_VERSION="21.0.11" 
MODULES="java.base java.compiler java.datatransfer java.xml java.prefs java.desktop java.instrument java.logging java.management java.security.sasl java.naming java.rmi java.management.rmi java.net.http java.scripting java.security.jgss java.transaction.xa java.sql java.sql.rowset java.xml.crypto java.se java.smartcardio jdk.accessibility jdk.internal.jvmstat jdk.attach jdk.charsets jdk.internal.opt jdk.zipfs jdk.compiler jdk.crypto.ec jdk.crypto.cryptoki jdk.crypto.mscapi jdk.dynalink jdk.internal.ed jdk.editpad jdk.hotspot.agent jdk.httpserver jdk.internal.le jdk.internal.vm.ci jdk.internal.vm.compiler jdk.internal.vm.compiler.management jdk.jartool jdk.javadoc jdk.jcmd jdk.management jdk.management.agent jdk.jconsole jdk.jdeps jdk.jdwp.agent jdk.jdi jdk.jfr jdk.jshell jdk.jsobject jdk.jstatd jdk.localedata jdk.management.jfr jdk.naming.dns jdk.naming.rmi jdk.net jdk.nio.mapmode jdk.random jdk.sctp jdk.security.auth jdk.security.jgss jdk.unsupported jdk.unsupported.desktop jdk.xml.dom" 

Environment Variables:
PATH=C:\Python314\Scripts\;C:\Python314\;C:\Program Files\Common Files\Oracle\Java\javapath;C:\ProgramData\Oracle\Java\javapath;C:\Windows\system32;C:\Windows;C:\Windows\System32\Wbem;C:\Windows\System32\WindowsPowerShell\v1.0\;C:\Windows\System32\OpenSSH\;C:\Program Files (x86)\NVIDIA Corporation\PhysX\Common;C:\Python\Python310;C:\Program Files\dotnet\;C:\WINDOWS\system32;C:\WINDOWS;C:\WINDOWS\System32\Wbem;C:\WINDOWS\System32\WindowsPowerShell\v1.0\;C:\WINDOWS\System32\OpenSSH\;C:\MinGW\bin;C:\Program Files\NVIDIA Corporation\NVIDIA app\NvDLISR;C:\Users\Public\Desktop\R 4.4.2.lnk;C:\Program Files\Java\jdk-21.0.11\bin;C:\Program Files\apache-maven-3.9.12\bin;C:\Program Files\AmypoCoder\bin;C:\Program Files\Git\cmd;C:\Program Files\apache-maven-3.9.12\bin;C:\Program Files (x86)\Nmap\;C:\Program Files\nodejs\;C:\ProgramData\chocolatey\bin;C:\Program Files\Cloudflare\Cloudflare WARP\;C:\Users\dhana\AppData\Local\Microsoft\WindowsApps;C:\Users\dhana\AppData\Local\Programs\Microsoft VS Code\bin;C:\Users\dhana\Downloads\jdk-21.0.11_doc-all\docs;C:\Program Files\Java\jdk-21.0.11\bin;C:\Program Files\apache-maven-3.9.12\bin;C:\Program Files\MySQL\MySQL Server 8.0\bin;C:\Users\dhana\AppData\Roaming\npm;C:\Program Files\nodejs\;;C:\Users\dhana\AppData\Local\Programs\DockerDesktop\resources\bin
USERNAME=dhananjay
OS=Windows_NT
PROCESSOR_IDENTIFIER=AMD64 Family 25 Model 68 Stepping 1, AuthenticAMD
TMP=C:\Users\dhana\AppData\Local\Temp
TEMP=C:\Users\dhana\AppData\Local\Temp




Periodic native trim disabled

---------------  S Y S T E M  ---------------

OS:
 Windows 11 , 64 bit Build 26100 (10.0.26100.9168)
OS uptime: 1 days 4:16 hours
Hyper-V role detected

CPU: total 16 (initial active 16) (16 cores per cpu, 2 threads per core) family 25 model 68 stepping 1 microcode 0xa404102, cx8, cmov, fxsr, ht, mmx, 3dnowpref, sse, sse2, sse3, ssse3, sse4a, sse4.1, sse4.2, popcnt, lzcnt, tsc, tscinvbit, avx, avx2, aes, erms, clmul, bmi1, bmi2, adx, sha, fma, vzeroupper, clflush, clflushopt, hv, rdtscp, rdpid, fsrm, f16c, cet_ss
Processor Information for the first 16 processors :
  Max Mhz: 3201, Current Mhz: 3201, Mhz Limit: 3201

Memory: 4k page, system-wide physical 15628M (552M free)
TotalPageFile size 30541M (AvailPageFile size 12M)
current process WorkingSet (physical memory assigned to process): 1308M, peak: 1658M
current process commit charge ("private bytes"): 1388M, peak: 1768M

vm_info: OpenJDK 64-Bit Server VM (21.0.11+10-LTS) for windows-amd64 JRE (21.0.11+10-LTS), built on 2026-04-21T00:00:00Z by "admin" with MS VC++ 17.12 (VS2022)

END.
